Component: ARM Compiler 5.06 update 6 (build 750) Tool: armlink [4d35ed]

==============================================================================

Section Cross References

    startup_stm32f40_41xxx.o(STACK) refers (Special) to heapauxi.o(.text) for __use_two_region_memory
    startup_stm32f40_41xxx.o(HEAP) refers (Special) to heapauxi.o(.text) for __use_two_region_memory
    startup_stm32f40_41xxx.o(RESET) refers (Special) to heapauxi.o(.text) for __use_two_region_memory
    startup_stm32f40_41xxx.o(RESET) refers to startup_stm32f40_41xxx.o(STACK) for __initial_sp
    startup_stm32f40_41xxx.o(RESET) refers to startup_stm32f40_41xxx.o(.text) for Reset_Handler
    startup_stm32f40_41xxx.o(RESET) refers to timer.o(i.TIM3_IRQHandler) for TIM3_IRQHandler
    startup_stm32f40_41xxx.o(RESET) refers to usart.o(i.USART1_IRQHandler) for USART1_IRQHandler
    startup_stm32f40_41xxx.o(RESET) refers to usart2.o(i.USART2_IRQHandler) for USART2_IRQHandler
    startup_stm32f40_41xxx.o(RESET) refers to timer.o(i.TIM5_IRQHandler) for TIM5_IRQHandler
    startup_stm32f40_41xxx.o(RESET) refers to dcmi.o(i.DCMI_IRQHandler) for DCMI_IRQHandler
    startup_stm32f40_41xxx.o(.text) refers (Special) to heapauxi.o(.text) for __use_two_region_memory
    startup_stm32f40_41xxx.o(.text) refers to sram.o(i.FSMC_SRAM_Init) for FSMC_SRAM_Init
    startup_stm32f40_41xxx.o(.text) refers to __main.o(!!!main) for __main
    startup_stm32f40_41xxx.o(.text) refers to startup_stm32f40_41xxx.o(HEAP) for Heap_Mem
    startup_stm32f40_41xxx.o(.text) refers to startup_stm32f40_41xxx.o(STACK) for Stack_Mem
    test.o(i.jpeg_data_process) refers to ili93xx.o(i.LCD_SetCursor) for LCD_SetCursor
    test.o(i.jpeg_data_process) refers to ili93xx.o(i.LCD_WriteRAM_Prepare) for LCD_WriteRAM_Prepare
    test.o(i.jpeg_data_process) refers to test.o(.data) for ovx_mode
    test.o(i.main) refers to sys.o(i.Stm32_Clock_Init) for Stm32_Clock_Init
    test.o(i.main) refers to delay.o(i.delay_init) for delay_init
    test.o(i.main) refers to usart.o(i.uart_init) for uart_init
    test.o(i.main) refers to usart2.o(i.usart2_init) for usart2_init
    test.o(i.main) refers to led.o(i.LED_Init) for LED_Init
    test.o(i.main) refers to ili93xx.o(i.LCD_Init) for LCD_Init
    test.o(i.main) refers to timer.o(i.TIM3_Int_Init) for TIM3_Int_Init
    test.o(i.main) refers to ili93xx.o(i.LCD_ShowString) for LCD_ShowString
    test.o(i.main) refers to delay.o(i.delay_ms) for delay_ms
    test.o(i.main) refers to ili93xx.o(i.LCD_Fill) for LCD_Fill
    test.o(i.main) refers to ov5640.o(i.OV5640_Init) for OV5640_Init
    test.o(i.main) refers to test.o(i.rgb565_test) for rgb565_test
    test.o(i.main) refers to ili93xx.o(.data) for POINT_COLOR
    test.o(i.rgb565_test) refers to ili93xx.o(i.LCD_Clear) for LCD_Clear
    test.o(i.rgb565_test) refers to ili93xx.o(i.LCD_ShowString) for LCD_ShowString
    test.o(i.rgb565_test) refers to ov5640.o(i.OV5640_RGB565_Mode) for OV5640_RGB565_Mode
    test.o(i.rgb565_test) refers to ov5640.o(i.OV5640_Focus_Init) for OV5640_Focus_Init
    test.o(i.rgb565_test) refers to ov5640.o(i.OV5640_Light_Mode) for OV5640_Light_Mode
    test.o(i.rgb565_test) refers to ov5640.o(i.OV5640_Color_Saturation) for OV5640_Color_Saturation
    test.o(i.rgb565_test) refers to ov5640.o(i.OV5640_Brightness) for OV5640_Brightness
    test.o(i.rgb565_test) refers to ov5640.o(i.OV5640_Contrast) for OV5640_Contrast
    test.o(i.rgb565_test) refers to ov5640.o(i.OV5640_Sharpness) for OV5640_Sharpness
    test.o(i.rgb565_test) refers to ov5640.o(i.OV5640_Focus_Constant) for OV5640_Focus_Constant
    test.o(i.rgb565_test) refers to dcmi.o(i.DCMI_Init) for DCMI_Init
    test.o(i.rgb565_test) refers to dcmi.o(i.DCMI_DMA_Init) for DCMI_DMA_Init
    test.o(i.rgb565_test) refers to ov5640.o(i.OV5640_OutSize_Set) for OV5640_OutSize_Set
    test.o(i.rgb565_test) refers to kfxf.o(i.sendToXfs5152ce) for sendToXfs5152ce
    test.o(i.rgb565_test) refers to dcmi.o(i.DCMI_Start) for DCMI_Start
    test.o(i.rgb565_test) refers to color.o(i.show_color) for show_color
    test.o(i.rgb565_test) refers to delay.o(i.delay_ms) for delay_ms
    test.o(i.rgb565_test) refers to ili93xx.o(.data) for POINT_COLOR
    test.o(i.rgb565_test) refers to ili93xx.o(.bss) for lcddev
    test.o(.data) refers to test.o(.conststring) for .conststring
    delay.o(i.delay_init) refers to delay.o(.data) for fac_us
    delay.o(i.delay_ms) refers to delay.o(i.delay_xms) for delay_xms
    delay.o(i.delay_us) refers to delay.o(.data) for fac_us
    delay.o(i.delay_xms) refers to delay.o(.data) for fac_ms
    sys.o(i.MY_NVIC_Init) refers to sys.o(i.MY_NVIC_PriorityGroupConfig) for MY_NVIC_PriorityGroupConfig
    sys.o(i.Stm32_Clock_Init) refers to sys.o(i.Sys_Clock_Set) for Sys_Clock_Set
    sys.o(i.Stm32_Clock_Init) refers to sys.o(i.MY_NVIC_SetVectorTable) for MY_NVIC_SetVectorTable
    sys.o(i.Sys_Standby) refers to sys.o(i.WFI_SET) for WFI_SET
[...]
    Removing test.o(.revsh_text), (4 bytes).
    Removing test.o(.bss), (126976 bytes).
    Removing test.o(.constdata), (48 bytes).
    Removing delay.o(.rev16_text), (4 bytes).
    Removing delay.o(.revsh_text), (4 bytes).
    Removing sys.o(.rev16_text), (4 bytes).
    Removing sys.o(.revsh_text), (4 bytes).
    Removing sys.o(.emb_text), (6 bytes).
    Removing sys.o(i.Ex_NVIC_Config), (180 bytes).
    Removing sys.o(i.INTX_DISABLE), (4 bytes).
    Removing sys.o(i.INTX_ENABLE), (4 bytes).
    Removing sys.o(i.Sys_Soft_Reset), (16 bytes).
    Removing sys.o(i.Sys_Standby), (76 bytes).
    Removing sys.o(i.WFI_SET), (4 bytes).
    Removing usart.o(.rev16_text), (4 bytes).
    Removing usart.o(.revsh_text), (4 bytes).
    Removing led.o(.rev16_text), (4 bytes).
    Removing led.o(.revsh_text), (4 bytes).
    Removing ili93xx.o(.rev16_text), (4 bytes).
    Removing ili93xx.o(.revsh_text), (4 bytes).
    Removing ili93xx.o(i.LCD_Color_Fill), (96 bytes).
    Removing ili93xx.o(i.LCD_DisplayOff), (96 bytes).
    Removing ili93xx.o(i.LCD_DisplayOn), (96 bytes).
    Removing ili93xx.o(i.LCD_DrawLine), (176 bytes).
    Removing ili93xx.o(i.LCD_DrawPoint), (36 bytes).
    Removing ili93xx.o(i.LCD_DrawRectangle), (60 bytes).
    Removing ili93xx.o(i.LCD_Draw_Circle), (152 bytes).
    Removing ili93xx.o(i.LCD_Pow), (22 bytes).
    Removing ili93xx.o(i.LCD_Set_Window), (532 bytes).
    Removing ili93xx.o(i.LCD_ShowNum), (148 bytes).
    Removing ili93xx.o(i.LCD_ShowxNum), (190 bytes).
    Removing ili93xx.o(i.LCD_WriteRAM), (12 bytes).
    Removing dcmi.o(.rev16_text), (4 bytes).
    Removing dcmi.o(.revsh_text), (4 bytes).
    Removing dcmi.o(i.DCMI_CR_Set), (64 bytes).
    Removing dcmi.o(i.DCMI_Set_Window), (96 bytes).
    Removing usart2.o(.rev16_text), (4 bytes).
    Removing usart2.o(.revsh_text), (4 bytes).
    Removing timer.o(.rev16_text), (4 bytes).
    Removing timer.o(.revsh_text), (4 bytes).
    Removing timer.o(i.TIM14_PWM_Init), (144 bytes).
    Removing timer.o(i.TIM5_CH1_Cap_Init), (200 bytes).
    Removing timer.o(i.TIM9_CH2_PWM_Init), (136 bytes).
    Removing ov5640.o(.rev16_text), (4 bytes).
    Removing ov5640.o(.revsh_text), (4 bytes).
    Removing ov5640.o(i.OV5640_Exposure), (160 bytes).
    Removing ov5640.o(i.OV5640_Focus_Single), (60 bytes).
    Removing ov5640.o(i.OV5640_ImageWin_Set), (160 bytes).
    Removing ov5640.o(i.OV5640_JPEG_Mode), (40 bytes).
    Removing ov5640.o(i.OV5640_Special_Effects), (104 bytes).
    Removing ov5640.o(i.OV5640_Test_Pattern), (50 bytes).
    Removing sccb.o(.rev16_text), (4 bytes).
    Removing sccb.o(.revsh_text), (4 bytes).
    Removing sram.o(.rev16_text), (4 bytes).
    Removing sram.o(.revsh_text), (4 bytes).
    Removing sram.o(i.FSMC_SRAM_ReadBuffer), (22 bytes).
    Removing sram.o(i.FSMC_SRAM_WriteBuffer), (24 bytes).
    Removing sram.o(i.fsmc_sram_test_read), (20 bytes).
    Removing sram.o(i.fsmc_sram_test_write), (16 bytes).
    Removing color.o(.rev16_text), (4 bytes).
    Removing color.o(.revsh_text), (4 bytes).
    Removing kfxf.o(.rev16_text), (4 bytes).
    Removing kfxf.o(.revsh_text), (4 bytes).

64 unused section(s) (total 130338 bytes) removed from the image.

==============================================================================

Image Symbol Table

    Local Symbols

    Symbol Name                              Value     Ov Type        Size  Object(Section)

    ../clib/angel/boardlib.s                 0x00000000   Number         0  boardinit1.o ABSOLUTE
    ../clib/angel/boardlib.s                 0x00000000   Number         0  boardshut.o ABSOLUTE
    ../clib/angel/boardlib.s                 0x00000000   Number         0  boardinit2.o ABSOLUTE
    ../clib/angel/boardlib.s                 0x00000000   Number         0  boardinit3.o ABSOLUTE
    ../clib/angel/dczerorl2.s                0x00000000   Number         0  __dczerorl2.o ABSOLUTE
    ../clib/angel/handlers.s                 0x00000000   Number         0  __scatter_zi.o ABSOLUTE
    ../clib/angel/kernel.s                   0x00000000   Number         0  rtexit.o ABSOLUTE
    ../clib/angel/kernel.s                   0x00000000   Number         0  __rtentry.o ABSOLUTE
    ../clib/angel/kernel.s                   0x00000000   Number         0  rtexit2.o ABSOLUTE
    ../clib/angel/kernel.s                   0x00000000   Number         0  __rtentry2.o ABSOLUTE
    ../clib/angel/kernel.s                   0x00000000   Number         0  __rtentry4.o ABSOLUTE
    ../clib/angel/rt.s                       0x00000000   Number         0  rt_raise.o ABSOLUTE
    ../clib/angel/scatter.s                  0x00000000   Number         0  __scatter.o ABSOLUTE
    ../clib/angel/startup.s                  0x00000000   Number         0  __main.o ABSOLUTE
    ../clib/angel/sys.s                      0x00000000   Number         0  libspace.o ABSOLUTE
    ../clib/angel/sys.s                      0x00000000   Number         0  use_no_semi.o ABSOLUTE
    ../clib/angel/sys.s                      0x00000000   Number         0  indicate_semi.o ABSOLUTE
    ../clib/angel/sys.s                      0x00000000   Number         0  sys_stackheap_outer.o ABSOLUTE
    ../clib/angel/sys.s                      0x00000000   Number         0  use_no_semi_2.o ABSOLUTE
    ../clib/angel/sysapp.c                   0x00000000   Number         0  sys_wrch.o ABSOLUTE
    ../clib/angel/sysapp.c                   0x00000000   Number         0  sys_command.o ABSOLUTE
    ../clib/armsys.c                         0x00000000   Number         0  argv_veneer.o ABSOLUTE
    ../clib/armsys.c                         0x00000000   Number         0  argv_veneer.o ABSOLUTE
    ../clib/armsys.c                         0x00000000   Number         0  _get_argv_nomalloc.o ABSOLUTE
    ../clib/armsys.c                         0x00000000   Number         0  no_argv.o ABSOLUTE
    ../clib/heapalloc.c                      0x00000000   Number         0  hrguard.o ABSOLUTE
    ../clib/heapaux.c                        0x00000000   Number         0  heapauxi.o ABSOLUTE
    ../clib/libinit.s                        0x00000000   Number         0  libshutdown.o ABSOLUTE
    ../clib/libinit.s                        0x00000000   Number         0  libinit2.o ABSOLUTE
    ../clib/libinit.s                        0x00000000   Number         0  libshutdown2.o ABSOLUTE
    ../clib/libinit.s                        0x00000000   Number         0  libinit.o ABSOLUTE
    ../clib/printf.c                         0x00000000   Number         0  __printf_flags_ss_wp.o ABSOLUTE
    ../clib/printf.c                         0x00000000   Number         0  __2printf.o ABSOLUTE
    ../clib/printf.c                         0x00000000   Number         0  __printf_ss_wp.o ABSOLUTE
    ../clib/printf.c                         0x00000000   Number         0  _printf_str.o ABSOLUTE
    ../clib/printf.c                         0x00000000   Number         0  __printf.o ABSOLUTE
    ../clib/printf.c                         0x00000000   Number         0  noretval__2sprintf.o ABSOLUTE
    ../clib/printf.c                         0x00000000   Number         0  noretval__2printf.o ABSOLUTE
    ../clib/printf.c                         0x00000000   Number         0  __2sprintf.o ABSOLUTE
    ../clib/printf.c                         0x00000000   Number         0  _printf_char.o ABSOLUTE
    ../clib/printf.c                         0x00000000   Number         0  _sputc.o ABSOLUTE
    ../clib/printf.c                         0x00000000   Number         0  __printf_nopercent.o ABSOLUTE
    ../clib/printf.c                         0x00000000   Number         0  __printf_flags.o ABSOLUTE
    ../clib/printf.c                         0x00000000   Number         0  __printf_flags_wp.o ABSOLUTE
    ../clib/printf.c                         0x00000000   Number         0  _printf_char_common.o ABSOLUTE
    ../clib/printf.c                         0x00000000   Number         0  _printf_intcommon.o ABSOLUTE
    ../clib/printf.c                         0x00000000   Number         0  _printf_char_file.o ABSOLUTE
    ../clib/printf.c                         0x00000000   Number         0  __printf_ss.o ABSOLUTE
    ../clib/printf.c                         0x00000000   Number         0  __printf_flags_ss.o ABSOLUTE
    ../clib/printf.c                         0x00000000   Number         0  __printf_wp.o ABSOLUTE
    ../clib/printf.c                         0x00000000   Number         0  _printf_dec.o ABSOLUTE
    ../clib/printf_percent.s                 0x00000000   Number         0  _printf_d.o ABSOLUTE
    ../clib/printf_percent.s                 0x00000000   Number         0  _printf_percent.o ABSOLUTE
    ../clib/printf_percent.s                 0x00000000   Number         0  _printf_percent_end.o ABSOLUTE
    ../clib/printf_percent.s                 0x00000000   Number         0  _printf_s.o ABSOLUTE
    ../clib/signal.c                         0x00000000   Number         0  defsig_rtmem_outer.o ABSOLUTE
    ../clib/signal.c                         0x00000000   Number         0  defsig_rtmem_formal.o ABSOLUTE
    ../clib/signal.c                         0x00000000   Number         0  defsig_exit.o ABSOLUTE
    ../clib/signal.c                         0x00000000   Number         0  defsig_rtmem_inner.o ABSOLUTE
    ../clib/signal.c                         0x00000000   Number         0  defsig_rtred_inner.o ABSOLUTE
    ../clib/signal.c                         0x00000000   Number         0  __raise.o ABSOLUTE
    ../clib/signal.c                         0x00000000   Number         0  defsig_abrt_inner.o ABSOLUTE
    ../clib/signal.c                         0x00000000   Number         0  defsig_fpe_inner.o ABSOLUTE
    ../clib/signal.c                         0x00000000   Number         0  defsig_pvfn_inner.o ABSOLUTE
    ../clib/signal.c                         0x00000000   Number         0  defsig_cppl_inner.o ABSOLUTE
    ../clib/signal.c                         0x00000000   Number         0  defsig_segv_inner.o ABSOLUTE
    ../clib/signal.c                         0x00000000   Number         0  defsig_other.o ABSOLUTE
    ../clib/signal.c                         0x00000000   Number         0  defsig_general.o ABSOLUTE
    ../clib/signal.c                         0x00000000   Number         0  defsig_stak_inner.o ABSOLUTE
    ../clib/signal.s                         0x00000000   Number         0  defsig.o ABSOLUTE
    ../clib/stdio.c                          0x00000000   Number         0  ferror_locked.o ABSOLUTE
    ../clib/stdio.c                          0x00000000   Number         0  ferror.o ABSOLUTE
    ../clib/stdlib.c                         0x00000000   Number         0  exit.o ABSOLUTE
    ../clib/string.c                         0x00000000   Number         0  strlen.o ABSOLUTE
    ../fplib/dfixu.s                         0x00000000   Number         0  dfixu.o ABSOLUTE
    ../fplib/dflt.s                          0x00000000   Number         0  dflt_clz.o ABSOLUTE
    ../fplib/dmul.s                          0x00000000   Number         0  dmul.o ABSOLUTE
    ../fplib/dnaninf.s                       0x00000000   Number         0  dnaninf.o ABSOLUTE
    ../fplib/dretinf.s                       0x00000000   Number         0  dretinf.o ABSOLUTE
    ../fplib/fpinit.s                        0x00000000   Number         0  fpinit.o ABSOLUTE
    ../fplib/usenofp.s                       0x00000000   Number         0  usenofp.o ABSOLUTE
    ..\HARDWARE\COLOR\color.c                0x00000000   Number         0  color.o ABSOLUTE
    ..\HARDWARE\DCMI\dcmi.c                  0x00000000   Number         0  dcmi.o ABSOLUTE
    ..\HARDWARE\KDXF\kfxf.c                  0x00000000   Number         0  kfxf.o ABSOLUTE
    ..\HARDWARE\LCD\ILI93xx.c                0x00000000   Number         0  ili93xx.o ABSOLUTE
    ..\HARDWARE\LED\led.c                    0x00000000   Number         0  led.o ABSOLUTE
    ..\HARDWARE\OV5640\ov5640.c              0x00000000   Number         0  ov5640.o ABSOLUTE
    ..\HARDWARE\OV5640\sccb.c                0x00000000   Number         0  sccb.o ABSOLUTE
    ..\HARDWARE\SRAM\sram.c                  0x00000000   Number         0  sram.o ABSOLUTE
    ..\HARDWARE\TIMER\timer.c                0x00000000   Number         0  timer.o ABSOLUTE
    ..\HARDWARE\USART2\usart2.c              0x00000000   Number         0  usart2.o ABSOLUTE
    ..\SYSTEM\delay\delay.c                  0x00000000   Number         0  delay.o ABSOLUTE
    ..\SYSTEM\sys\sys.c                      0x00000000   Number         0  sys.o ABSOLUTE
    ..\SYSTEM\usart\usart.c                  0x00000000   Number         0  usart.o ABSOLUTE
    ..\\HARDWARE\\COLOR\\color.c             0x00000000   Number         0  color.o ABSOLUTE
    ..\\HARDWARE\\DCMI\\dcmi.c               0x00000000   Number         0  dcmi.o ABSOLUTE
    ..\\HARDWARE\\KDXF\\kfxf.c               0x00000000   Number         0  kfxf.o ABSOLUTE
    ..\\HARDWARE\\LCD\\ILI93xx.c             0x00000000   Number         0  ili93xx.o ABSOLUTE
    ..\\HARDWARE\\LED\\led.c                 0x00000000   Number         0  led.o ABSOLUTE
    ..\\HARDWARE\\OV5640\\ov5640.c           0x00000000   Number         0  ov5640.o ABSOLUTE
    ..\\HARDWARE\\OV5640\\sccb.c             0x00000000   Number         0  sccb.o ABSOLUTE
    ..\\HARDWARE\\SRAM\\sram.c               0x00000000   Number         0  sram.o ABSOLUTE
    ..\\HARDWARE\\TIMER\\timer.c             0x00000000   Number         0  timer.o ABSOLUTE
    ..\\HARDWARE\\USART2\\usart2.c           0x00000000   Number         0  usart2.o ABSOLUTE
    ..\\SYSTEM\\delay\\delay.c               0x00000000   Number         0  delay.o ABSOLUTE
    ..\\SYSTEM\\sys\\sys.c                   0x00000000   Number         0  sys.o ABSOLUTE
    ..\\SYSTEM\\usart\\usart.c               0x00000000   Number         0  usart.o ABSOLUTE
    dc.s                                     0x00000000   Number         0  dc.o ABSOLUTE
    startup_stm32f40_41xxx.s                 0x00000000   Number         0  startup_stm32f40_41xxx.o ABSOLUTE
    test.c                                   0x00000000   Number         0  test.o ABSOLUTE
    test.c                                   0x00000000   Number         0  test.o ABSOLUTE
    RESET                                    0x08000000   Section      392  startup_stm32f40_41xxx.o(RESET)
    !!!main                                  0x08000188   Section        8  __main.o(!!!main)
    !!!scatter                               0x08000190   Section       52  __scatter.o(!!!scatter)
    !!dczerorl2                              0x080001c4   Section       90  __dczerorl2.o(!!dczerorl2)
    !!handler_zi                             0x08000220   Section       28  __scatter_zi.o(!!handler_zi)
    .ARM.Collect$$_printf_percent$$00000000  0x0800023c   Section        0  _printf_percent.o(.ARM.Collect$$_printf_percent$$00000000)
    .ARM.Collect$$_printf_percent$$00000009  0x0800023c   Section        6  _printf_d.o(.ARM.Collect$$_printf_percent$$00000009)
    .ARM.Collect$$_printf_percent$$00000014  0x08000242   Section        6  _printf_s.o(.ARM.Collect$$_printf_percent$$00000014)
    .ARM.Collect$$_printf_percent$$00000017  0x08000248   Section        4  _printf_percent_end.o(.ARM.Collect$$_printf_percent$$00000017)
    .ARM.Collect$$libinit$$00000000          0x0800024c   Section        2  libinit.o(.ARM.Collect$$libinit$$00000000)
    .ARM.Collect$$libinit$$00000001          0x0800024e   Section        4  libinit2.o(.ARM.Collect$$libinit$$00000001)
    .ARM.Collect$$libinit$$00000004          0x08000252   Section        0  libinit2.o(.ARM.Collect$$libinit$$00000004)
    .ARM.Collect$$libinit$$0000000A          0x08000252   Section        0  libinit2.o(.ARM.Collect$$libinit$$0000000A)
    .ARM.Collect$$libinit$$0000000C          0x08000252   Section        0  libinit2.o(.ARM.Collect$$libinit$$0000000C)
    .ARM.Collect$$libinit$$0000000E          0x08000252   Section        0  libinit2.o(.ARM.Collect$$libinit$$0000000E)
    .ARM.Collect$$libinit$$00000011          0x08000252   Section        0  libinit2.o(.ARM.Collect$$libinit$$00000011)
    .ARM.Collect$$libinit$$00000013          0x08000252   Section        0  libinit2.o(.ARM.Collect$$libinit$$00000013)
    .ARM.Collect$$libinit$$00000015          0x08000252   Section        0  libinit2.o(.ARM.Collect$$libinit$$00000015)
    .ARM.Collect$$libinit$$00000017          0x08000252   Section        0  libinit2.o(.ARM.Collect$$libinit$$00000017)
    .ARM.Collect$$libinit$$00000019          0x08000252   Section        0  libinit2.o(.ARM.Collect$$libinit$$00000019)
    .ARM.Collect$$libinit$$0000001B          0x08000252   Section        0  libinit2.o(.ARM.Collect$$libinit$$0000001B)
    .ARM.Collect$$libinit$$0000001D          0x08000252   Section        0  libinit2.o(.ARM.Collect$$libinit$$0000001D)
    .ARM.Collect$$libinit$$0000001F          0x08000252   Section        0  libinit2.o(.ARM.Collect$$libinit$$0000001F)
    .ARM.Collect$$libinit$$00000021          0x08000252   Section        0  libinit2.o(.ARM.Collect$$libinit$$00000021)
    .ARM.Collect$$libinit$$00000023          0x08000252   Section        0  libinit2.o(.ARM.Collect$$libinit$$00000023)
    .ARM.Collect$$libinit$$00000025          0x08000252   Section        0  libinit2.o(.ARM.Collect$$libinit$$00000025)
    .ARM.Collect$$libinit$$0000002C          0x08000252   Section        0  libinit2.o(.ARM.Collect$$libinit$$0000002C)
    .ARM.Collect$$libinit$$0000002E          0x08000252   Section        0  libinit2.o(.ARM.Collect$$libinit$$0000002E)
    .ARM.Collect$$libinit$$00000030          0x08000252   Section        0  libinit2.o(.ARM.Collect$$libinit$$00000030)
    .ARM.Collect$$libinit$$00000032          0x08000252   Section        0  libinit2.o(.ARM.Collect$$libinit$$00000032)
    .ARM.Collect$$libinit$$00000033          0x08000252   Section        2  libinit2.o(.ARM.Collect$$libinit$$00000033)
    .ARM.Collect$$libshutdown$$00000000      0x08000254   Section        2  libshutdown.o(.ARM.Collect$$libshutdown$$00000000)
    .ARM.Collect$$libshutdown$$00000002      0x08000256   Section        0  libshutdown2.o(.ARM.Collect$$libshutdown$$00000002)
    .ARM.Collect$$libshutdown$$00000004      0x08000256   Section        0  libshutdown2.o(.ARM.Collect$$libshutdown$$00000004)
    .ARM.Collect$$libshutdown$$00000007      0x08000256   Section        0  libshutdown2.o(.ARM.Collect$$libshutdown$$00000007)
    .ARM.Collect$$libshutdown$$0000000A      0x08000256   Section        0  libshutdown2.o(.ARM.Collect$$libshutdown$$0000000A)
    .ARM.Collect$$libshutdown$$0000000C      0x08000256   Section        0  libshutdown2.o(.ARM.Collect$$libshutdown$$0000000C)
    .ARM.Collect$$libshutdown$$0000000F      0x08000256   Section        0  libshutdown2.o(.ARM.Collect$$libshutdown$$0000000F)
    .ARM.Collect$$libshutdown$$00000010      0x08000256   Section        2  libshutdown2.o(.ARM.Collect$$libshutdown$$00000010)
    .ARM.Collect$$rtentry$$00000000          0x08000258   Section        0  __rtentry.o(.ARM.Collect$$rtentry$$00000000)
    .ARM.Collect$$rtentry$$00000002          0x08000258   Section        0  __rtentry2.o(.ARM.Collect$$rtentry$$00000002)
    .ARM.Collect$$rtentry$$00000004          0x08000258   Section        6  __rtentry4.o(.ARM.Collect$$rtentry$$00000004)
    .ARM.Collect$$rtentry$$00000009          0x0800025e   Section        0  __rtentry2.o(.ARM.Collect$$rtentry$$00000009)
    .ARM.Collect$$rtentry$$0000000A          0x0800025e   Section        4  __rtentry2.o(.ARM.Collect$$rtentry$$0000000A)
    .ARM.Collect$$rtentry$$0000000C          0x08000262   Section        0  __rtentry2.o(.ARM.Collect$$rtentry$$0000000C)
    .ARM.Collect$$rtentry$$0000000D          0x08000262   Section        8  __rtentry2.o(.ARM.Collect$$rtentry$$0000000D)
    .ARM.Collect$$rtexit$$00000000           0x0800026a   Section        2  rtexit.o(.ARM.Collect$$rtexit$$00000000)
    .ARM.Collect$$rtexit$$00000002           0x0800026c   Section        0  rtexit2.o(.ARM.Collect$$rtexit$$00000002)
    .ARM.Collect$$rtexit$$00000003           0x0800026c   Section        4  rtexit2.o(.ARM.Collect$$rtexit$$00000003)
    .ARM.Collect$$rtexit$$00000004           0x08000270   Section        6  rtexit2.o(.ARM.Collect$$rtexit$$00000004)
    .text                                    0x08000278   Section       76  startup_stm32f40_41xxx.o(.text)
    $v0                                      0x08000278   Number         0  startup_stm32f40_41xxx.o(.text)
    .text                                    0x080002c4   Section        2  use_no_semi_2.o(.text)
    .text                                    0x080002c8   Section        0  noretval__2printf.o(.text)
    .text                                    0x080002e0   Section        0  noretval__2sprintf.o(.text)
    .text                                    0x08000308   Section        0  __printf.o(.text)
    .text                                    0x08000370   Section        0  _printf_str.o(.text)
    .text                                    0x080003c4   Section        0  _printf_dec.o(.text)
    .text                                    0x0800043c   Section        0  strlen.o(.text)
    .text                                    0x0800047a   Section        0  heapauxi.o(.text)
    .text                                    0x08000480   Section        2  use_no_semi.o(.text)
    .text                                    0x08000482   Section        0  _printf_intcommon.o(.text)
    .text                                    0x08000534   Section        0  _printf_char_common.o(.text)
    _printf_input_char                       0x08000535   Thumb Code    10  _printf_char_common.o(.text)
    .text                                    0x08000564   Section        0  _sputc.o(.text)
    .text                                    0x0800056e   Section        0  _printf_char.o(.text)
    .text                                    0x0800059c   Section        0  _printf_char_file.o(.text)
    .text                                    0x080005c0   Section        0  ferror.o(.text)
    .text                                    0x080005c8   Section       74  sys_stackheap_outer.o(.text)
    .text                                    0x08000612   Section        0  exit.o(.text)
    .text                                    0x08000624   Section        8  libspace.o(.text)
    i.DCMI_DMA_Init                          0x0800062c   Section        0  dcmi.o(i.DCMI_DMA_Init)
    i.DCMI_IRQHandler                        0x080006d8   Section        0  dcmi.o(i.DCMI_IRQHandler)
    i.DCMI_Init                              0x0800071c   Section        0  dcmi.o(i.DCMI_Init)
    i.DCMI_Start                             0x0800089c   Section        0  dcmi.o(i.DCMI_Start)
    i.DCMI_Stop                              0x080008cc   Section        0  dcmi.o(i.DCMI_Stop)
    i.FSMC_SRAM_Init                         0x080008fc   Section        0  sram.o(i.FSMC_SRAM_Init)
    i.GPIO_AF_Set                            0x08000b68   Section        0  sys.o(i.GPIO_AF_Set)
    i.GPIO_Set                               0x08000ba8   Section        0  sys.o(i.GPIO_Set)
    i.LCD_BGR2RGB                            0x08000c86   Section        0  ili93xx.o(i.LCD_BGR2RGB)
    i.LCD_Clear                              0x08000ca0   Section        0  ili93xx.o(i.LCD_Clear)
    i.LCD_Display_Dir                        0x08000d0c   Section        0  ili93xx.o(i.LCD_Display_Dir)
    i.LCD_Fast_DrawPoint                     0x08000ecc   Section        0  ili93xx.o(i.LCD_Fast_DrawPoint)
    i.LCD_Fill                               0x0800104c   Section        0  ili93xx.o(i.LCD_Fill)
    i.LCD_Init                               0x08001104   Section        0  ili93xx.o(i.LCD_Init)
    i.LCD_RD_DATA                            0x08004a20   Section        0  ili93xx.o(i.LCD_RD_DATA)
    i.LCD_ReadPoint                          0x08004a34   Section        0  ili93xx.o(i.LCD_ReadPoint)
    i.LCD_ReadReg                            0x08004ba0   Section        0  ili93xx.o(i.LCD_ReadReg)
    i.LCD_SSD_BackLightSet                   0x08004bb8   Section        0  ili93xx.o(i.LCD_SSD_BackLightSet)
    i.LCD_Scan_Dir                           0x08004c18   Section        0  ili93xx.o(i.LCD_Scan_Dir)
    i.LCD_SetCursor                          0x08004f04   Section        0  ili93xx.o(i.LCD_SetCursor)
    i.LCD_ShowChar                           0x080050ac   Section        0  ili93xx.o(i.LCD_ShowChar)
    i.LCD_ShowString                         0x080051d4   Section        0  ili93xx.o(i.LCD_ShowString)
    i.LCD_WR_DATA                            0x0800523c   Section        0  ili93xx.o(i.LCD_WR_DATA)
    i.LCD_WR_REG                             0x08005254   Section        0  ili93xx.o(i.LCD_WR_REG)
    i.LCD_WriteRAM_Prepare                   0x0800526c   Section        0  ili93xx.o(i.LCD_WriteRAM_Prepare)
    i.LCD_WriteReg                           0x08005280   Section        0  ili93xx.o(i.LCD_WriteReg)
    i.LED_Init                               0x08005294   Section        0  led.o(i.LED_Init)
    i.MY_NVIC_Init                           0x080052d4   Section        0  sys.o(i.MY_NVIC_Init)
    i.MY_NVIC_PriorityGroupConfig            0x0800534c   Section        0  sys.o(i.MY_NVIC_PriorityGroupConfig)
    i.MY_NVIC_SetVectorTable                 0x08005374   Section        0  sys.o(i.MY_NVIC_SetVectorTable)
    i.OV5640_Brightness                      0x08005384   Section        0  ov5640.o(i.OV5640_Brightness)
    i.OV5640_Color_Saturation                0x080053e0   Section        0  ov5640.o(i.OV5640_Color_Saturation)
    i.OV5640_Contrast                        0x0800545c   Section        0  ov5640.o(i.OV5640_Contrast)
    i.OV5640_Flash_Ctrl                      0x080054d4   Section        0  ov5640.o(i.OV5640_Flash_Ctrl)
    i.OV5640_Focus_Constant                  0x08005506   Section        0  ov5640.o(i.OV5640_Focus_Constant)
    i.OV5640_Focus_Init                      0x08005584   Section        0  ov5640.o(i.OV5640_Focus_Init)
    i.OV5640_Init                            0x0800563c   Section        0  ov5640.o(i.OV5640_Init)
    i.OV5640_Light_Mode                      0x0800572c   Section        0  ov5640.o(i.OV5640_Light_Mode)
    i.OV5640_OutSize_Set                     0x08005774   Section        0  ov5640.o(i.OV5640_OutSize_Set)
    i.OV5640_RD_Reg                          0x080057f4   Section        0  ov5640.o(i.OV5640_RD_Reg)
    i.OV5640_RGB565_Mode                     0x08005830   Section        0  ov5640.o(i.OV5640_RGB565_Mode)
    i.OV5640_Sharpness                       0x08005858   Section        0  ov5640.o(i.OV5640_Sharpness)
    i.OV5640_WR_Reg                          0x080058d2   Section        0  ov5640.o(i.OV5640_WR_Reg)
    i.PcTx_Byte2                             0x08005910   Section        0  usart2.o(i.PcTx_Byte2)
    i.SCCB_Delay                             0x0800592c   Section        0  sccb.o(i.SCCB_Delay)
    i.SCCB_Init                              0x08005938   Section        0  sccb.o(i.SCCB_Init)
    i.SCCB_No_Ack                            0x0800598c   Section        0  sccb.o(i.SCCB_No_Ack)
    i.SCCB_RD_Byte                           0x080059c4   Section        0  sccb.o(i.SCCB_RD_Byte)
    i.SCCB_Start                             0x08005a30   Section        0  sccb.o(i.SCCB_Start)
    i.SCCB_Stop                              0x08005a60   Section        0  sccb.o(i.SCCB_Stop)
    i.SCCB_WR_Byte                           0x08005a8c   Section        0  sccb.o(i.SCCB_WR_Byte)
    i.Stm32_Clock_Init                       0x08005b2c   Section        0  sys.o(i.Stm32_Clock_Init)
    i.Sys_Clock_Set                          0x08005b94   Section        0  sys.o(i.Sys_Clock_Set)
    i.TIM3_IRQHandler                        0x08005ca0   Section        0  timer.o(i.TIM3_IRQHandler)
    i.TIM3_Int_Init                          0x08005ccc   Section        0  timer.o(i.TIM3_Int_Init)
    i.TIM5_IRQHandler                        0x08005d1c   Section        0  timer.o(i.TIM5_IRQHandler)
    i.USART1_IRQHandler                      0x08005e00   Section        0  usart.o(i.USART1_IRQHandler)
    i.USART2_IRQHandler                      0x08005e80   Section        0  usart2.o(i.USART2_IRQHandler)
    i._sys_exit                              0x08005ea0   Section        0  usart.o(i._sys_exit)
    i.colorIdtif                             0x08005ea8   Section        0  color.o(i.colorIdtif)
    i.delay_init                             0x08005f2c   Section        0  delay.o(i.delay_init)
    i.delay_ms                               0x08005f6c   Section        0  delay.o(i.delay_ms)
    i.delay_us                               0x08005fa4   Section        0  delay.o(i.delay_us)
    i.delay_xms                              0x08005fe0   Section        0  delay.o(i.delay_xms)
    i.fputc                                  0x0800601c   Section        0  usart.o(i.fputc)
    i.jpeg_data_process                      0x08006038   Section        0  test.o(i.jpeg_data_process)
    i.least_squares                          0x080060bc   Section        0  color.o(i.least_squares)
    i.main                                   0x080060d8   Section        0  test.o(i.main)
    i.opt_delay                              0x08006234   Section        0  ili93xx.o(i.opt_delay)
    i.rgb16ToB                               0x08006242   Section        0  color.o(i.rgb16ToB)
    i.rgb16ToG                               0x0800624a   Section        0  color.o(i.rgb16ToG)
    i.rgb16ToR                               0x08006254   Section        0  color.o(i.rgb16ToR)
    i.rgb24ToB                               0x0800625e   Section        0  color.o(i.rgb24ToB)
    i.rgb24ToG                               0x08006264   Section        0  color.o(i.rgb24ToG)
    i.rgb24ToR                               0x0800626c   Section        0  color.o(i.rgb24ToR)
    i.rgb565_test                            0x08006274   Section        0  test.o(i.rgb565_test)
    i.sendToXfs5152ce                        0x080063ec   Section        0  kfxf.o(i.sendToXfs5152ce)
    i.show_color                             0x08006428   Section        0  color.o(i.show_color)
    i.show_sound                             0x08006490   Section        0  kfxf.o(i.show_sound)
    i.uart_init                              0x080064f0   Section        0  usart.o(i.uart_init)
    i.usart2_init                            0x080065f0   Section        0  usart2.o(i.usart2_init)
    x$fpl$dfixu                              0x080066ec   Section       90  dfixu.o(x$fpl$dfixu)
    $v0                                      0x080066ec   Number         0  dfixu.o(x$fpl$dfixu)
    x$fpl$dfltu                              0x08006746   Section       38  dflt_clz.o(x$fpl$dfltu)
    $v0                                      0x08006746   Number         0  dflt_clz.o(x$fpl$dfltu)
    x$fpl$dmul                               0x0800676c   Section      340  dmul.o(x$fpl$dmul)
    $v0                                      0x0800676c   Number         0  dmul.o(x$fpl$dmul)
    x$fpl$dnaninf                            0x080068c0   Section      156  dnaninf.o(x$fpl$dnaninf)
    $v0                                      0x080068c0   Number         0  dnaninf.o(x$fpl$dnaninf)
    x$fpl$dretinf                            0x0800695c   Section       12  dretinf.o(x$fpl$dretinf)
    $v0                                      0x0800695c   Number         0  dretinf.o(x$fpl$dretinf)
    x$fpl$fpinit                             0x08006968   Section       10  fpinit.o(x$fpl$fpinit)
    $v0                                      0x08006968   Number         0  fpinit.o(x$fpl$fpinit)
    .constdata                               0x08006972   Section     6080  ili93xx.o(.constdata)
    x$fpl$usenofp                            0x08006972   Section        0  usenofp.o(x$fpl$usenofp)
    .constdata                               0x08008132   Section     5389  ov5640.o(.constdata)
    OV5640_EXPOSURE_TBL                      0x080095b3   Data          42  ov5640.o(.constdata)
    OV5640_LIGHTMODE_TBL                     0x080095dd   Data          35  ov5640.o(.constdata)
    OV5640_SATURATION_TBL                    0x08009600   Data          42  ov5640.o(.constdata)
    OV5640_EFFECTS_TBL                       0x0800962a   Data          21  ov5640.o(.constdata)
    .conststring                             0x08009640   Section      145  test.o(.conststring)
    .conststring                             0x080096d4   Section     1013  color.o(.conststring)
    .data                                    0x20000000   Section       88  test.o(.data)
    .data                                    0x20000058   Section        4  delay.o(.data)
    fac_us                                   0x20000058   Data           1  delay.o(.data)
    fac_ms                                   0x2000005a   Data           2  delay.o(.data)
    .data                                    0x2000005c   Section        6  usart.o(.data)
    .data                                    0x20000062   Section        4  ili93xx.o(.data)
    .data                                    0x20000066   Section        1  dcmi.o(.data)
    .data                                    0x20000067   Section        1  usart2.o(.data)
    .data                                    0x20000068   Section       12  timer.o(.data)
    .data                                    0x20000074   Section      668  color.o(.data)
    .bss                                     0x20000310   Section      200  usart.o(.bss)
    .bss                                     0x200003d8   Section       14  ili93xx.o(.bss)
    .bss                                     0x200003e8   Section       96  libspace.o(.bss)
    HEAP                                     0x20000448   Section        0  startup_stm32f40_41xxx.o(HEAP)
    STACK                                    0x20000448   Section     1024  startup_stm32f40_41xxx.o(STACK)
    Heap_Mem                                 0x20000448   Data           0  startup_stm32f40_41xxx.o(HEAP)
    Stack_Mem                                0x20000448   Data        1024  startup_stm32f40_41xxx.o(STACK)
    __initial_sp                             0x20000848   Data           0  startup_stm32f40_41xxx.o(STACK)

    Global Symbols

    Symbol Name                              Value     Ov Type        Size  Object(Section)

    BuildAttributes$$THM_ISAv4$E$P$D$K$B$S$7EM$VFPi3$EXTD16$VFPS$VFMA$PE$A:L22UL41UL21$X:L11$S22US41US21$IEEE1$IW$USESV6$~STKCKD$USESV7$~SHL$OSPACE$ROPI$EBA8$UX$STANDARDLIB$REQ8$PRES8$EABIv2 0x00000000   Number         0  anon$$obj.o ABSOLUTE
    __ARM_use_no_argv                        0x00000000   Number         0  test.o ABSOLUTE
    __ARM_exceptions_init                     - Undefined Weak Reference
    __alloca_initialize                       - Undefined Weak Reference
    __arm_preinit_                            - Undefined Weak Reference
    __cpp_initialize__aeabi_                  - Undefined Weak Reference
    __cxa_finalize                            - Undefined Weak Reference
    __rt_locale                               - Undefined Weak Reference
    __sigvec_lookup                           - Undefined Weak Reference
    _atexit_init                              - Undefined Weak Reference
    _call_atexit_fns                          - Undefined Weak Reference
    _clock_init                               - Undefined Weak Reference
    _fp_trap_init                             - Undefined Weak Reference
    _fp_trap_shutdown                         - Undefined Weak Reference
    _get_lc_collate                           - Undefined Weak Reference
    _get_lc_ctype                             - Undefined Weak Reference
    _get_lc_monetary                          - Undefined Weak Reference
    _get_lc_numeric                           - Undefined Weak Reference
    _get_lc_time                              - Undefined Weak Reference
    _getenv_init                              - Undefined Weak Reference
    _handle_redirection                       - Undefined Weak Reference
    _init_alloc                               - Undefined Weak Reference
    _init_user_alloc                          - Undefined Weak Reference
    _initio                                   - Undefined Weak Reference
    _mutex_acquire                            - Undefined Weak Reference
    _mutex_release                            - Undefined Weak Reference
    _printf_mbtowc                            - Undefined Weak Reference
    _printf_post_padding                      - Undefined Weak Reference
    _printf_pre_padding                       - Undefined Weak Reference
    _printf_truncate_signed                   - Undefined Weak Reference
    _printf_truncate_unsigned                 - Undefined Weak Reference
    _rand_init                                - Undefined Weak Reference
    _signal_finish                            - Undefined Weak Reference
    _signal_init                              - Undefined Weak Reference
    _terminate_alloc                          - Undefined Weak Reference
    _terminate_user_alloc                     - Undefined Weak Reference
    _terminateio                              - Undefined Weak Reference
    __Vectors_Size                           0x00000188   Number         0  startup_stm32f40_41xxx.o ABSOLUTE
    __Vectors                                0x08000000   Data           4  startup_stm32f40_41xxx.o(RESET)
    __Vectors_End                            0x08000188   Data           0  startup_stm32f40_41xxx.o(RESET)
    __main                                   0x08000189   Thumb Code     8  __main.o(!!!main)
    __scatterload                            0x08000191   Thumb Code     0  __scatter.o(!!!scatter)
    __scatterload_rt2                        0x08000191   Thumb Code    44  __scatter.o(!!!scatter)
    __scatterload_rt2_thumb_only             0x08000191   Thumb Code     0  __scatter.o(!!!scatter)
    __scatterload_null                       0x0800019f   Thumb Code     0  __scatter.o(!!!scatter)
    __decompress                             0x080001c5   Thumb Code    90  __dczerorl2.o(!!dczerorl2)
    __decompress1                            0x080001c5   Thumb Code     0  __dczerorl2.o(!!dczerorl2)
    __scatterload_zeroinit                   0x08000221   Thumb Code    28  __scatter_zi.o(!!handler_zi)
    _printf_d                                0x0800023d   Thumb Code     0  _printf_d.o(.ARM.Collect$$_printf_percent$$00000009)
    _printf_percent                          0x0800023d   Thumb Code     0  _printf_percent.o(.ARM.Collect$$_printf_percent$$00000000)
    _printf_s                                0x08000243   Thumb Code     0  _printf_s.o(.ARM.Collect$$_printf_percent$$00000014)
    _printf_percent_end                      0x08000249   Thumb Code     0  _printf_percent_end.o(.ARM.Collect$$_printf_percent$$00000017)
    __rt_lib_init                            0x0800024d   Thumb Code     0  libinit.o(.ARM.Collect$$libinit$$00000000)
    __rt_lib_init_fp_1                       0x0800024f   Thumb Code     0  libinit2.o(.ARM.Collect$$libinit$$00000001)
    __rt_lib_init_alloca_1                   0x08000253   Thumb Code     0  libinit2.o(.ARM.Collect$$libinit$$0000002E)
    __rt_lib_init_argv_1                     0x08000253   Thumb Code     0  libinit2.o(.ARM.Collect$$libinit$$0000002C)
    __rt_lib_init_atexit_1                   0x08000253   Thumb Code     0  libinit2.o(.ARM.Collect$$libinit$$0000001B)
    __rt_lib_init_clock_1                    0x08000253   Thumb Code     0  libinit2.o(.ARM.Collect$$libinit$$00000021)
    __rt_lib_init_cpp_1                      0x08000253   Thumb Code     0  libinit2.o(.ARM.Collect$$libinit$$00000032)
    __rt_lib_init_exceptions_1               0x08000253   Thumb Code     0  libinit2.o(.ARM.Collect$$libinit$$00000030)
    __rt_lib_init_fp_trap_1                  0x08000253   Thumb Code     0  libinit2.o(.ARM.Collect$$libinit$$0000001F)
    __rt_lib_init_getenv_1                   0x08000253   Thumb Code     0  libinit2.o(.ARM.Collect$$libinit$$00000023)
    __rt_lib_init_heap_1                     0x08000253   Thumb Code     0  libinit2.o(.ARM.Collect$$libinit$$0000000A)
    __rt_lib_init_lc_collate_1               0x08000253   Thumb Code     0  libinit2.o(.ARM.Collect$$libinit$$00000011)
    __rt_lib_init_lc_ctype_1                 0x08000253   Thumb Code     0  libinit2.o(.ARM.Collect$$libinit$$00000013)
    __rt_lib_init_lc_monetary_1              0x08000253   Thumb Code     0  libinit2.o(.ARM.Collect$$libinit$$00000015)
    __rt_lib_init_lc_numeric_1               0x08000253   Thumb Code     0  libinit2.o(.ARM.Collect$$libinit$$00000017)
    __rt_lib_init_lc_time_1                  0x08000253   Thumb Code     0  libinit2.o(.ARM.Collect$$libinit$$00000019)
    __rt_lib_init_preinit_1                  0x08000253   Thumb Code     0  libinit2.o(.ARM.Collect$$libinit$$00000004)
    __rt_lib_init_rand_1                     0x08000253   Thumb Code     0  libinit2.o(.ARM.Collect$$libinit$$0000000E)
    __rt_lib_init_return                     0x08000253   Thumb Code     0  libinit2.o(.ARM.Collect$$libinit$$00000033)
    __rt_lib_init_signal_1                   0x08000253   Thumb Code     0  libinit2.o(.ARM.Collect$$libinit$$0000001D)
    __rt_lib_init_stdio_1                    0x08000253   Thumb Code     0  libinit2.o(.ARM.Collect$$libinit$$00000025)
    __rt_lib_init_user_alloc_1               0x08000253   Thumb Code     0  libinit2.o(.ARM.Collect$$libinit$$0000000C)
    __rt_lib_shutdown                        0x08000255   Thumb Code     0  libshutdown.o(.ARM.Collect$$libshutdown$$00000000)
    __rt_lib_shutdown_cpp_1                  0x08000257   Thumb Code     0  libshutdown2.o(.ARM.Collect$$libshutdown$$00000002)
    __rt_lib_shutdown_fp_trap_1              0x08000257   Thumb Code     0  libshutdown2.o(.ARM.Collect$$libshutdown$$00000007)
    __rt_lib_shutdown_heap_1                 0x08000257   Thumb Code     0  libshutdown2.o(.ARM.Collect$$libshutdown$$0000000F)
    __rt_lib_shutdown_return                 0x08000257   Thumb Code     0  libshutdown2.o(.ARM.Collect$$libshutdown$$00000010)
    __rt_lib_shutdown_signal_1               0x08000257   Thumb Code     0  libshutdown2.o(.ARM.Collect$$libshutdown$$0000000A)
    __rt_lib_shutdown_stdio_1                0x08000257   Thumb Code     0  libshutdown2.o(.ARM.Collect$$libshutdown$$00000004)
    __rt_lib_shutdown_user_alloc_1           0x08000257   Thumb Code     0  libshutdown2.o(.ARM.Collect$$libshutdown$$0000000C)
    __rt_entry                               0x08000259   Thumb Code     0  __rtentry.o(.ARM.Collect$$rtentry$$00000000)
    __rt_entry_presh_1                       0x08000259   Thumb Code     0  __rtentry2.o(.ARM.Collect$$rtentry$$00000002)
    __rt_entry_sh                            0x08000259   Thumb Code     0  __rtentry4.o(.ARM.Collect$$rtentry$$00000004)
    __rt_entry_li                            0x0800025f   Thumb Code     0  __rtentry2.o(.ARM.Collect$$rtentry$$0000000A)
    __rt_entry_postsh_1                      0x0800025f   Thumb Code     0  __rtentry2.o(.ARM.Collect$$rtentry$$00000009)
    __rt_entry_main                          0x08000263   Thumb Code     0  __rtentry2.o(.ARM.Collect$$rtentry$$0000000D)
    __rt_entry_postli_1                      0x08000263   Thumb Code     0  __rtentry2.o(.ARM.Collect$$rtentry$$0000000C)
    __rt_exit                                0x0800026b   Thumb Code     0  rtexit.o(.ARM.Collect$$rtexit$$00000000)
    __rt_exit_ls                             0x0800026d   Thumb Code     0  rtexit2.o(.ARM.Collect$$rtexit$$00000003)
    __rt_exit_prels_1                        0x0800026d   Thumb Code     0  rtexit2.o(.ARM.Collect$$rtexit$$00000002)
    __rt_exit_exit                           0x08000271   Thumb Code     0  rtexit2.o(.ARM.Collect$$rtexit$$00000004)
    Reset_Handler                            0x08000279   Thumb Code    18  startup_stm32f40_41xxx.o(.text)
    NMI_Handler                              0x0800028b   Thumb Code     2  startup_stm32f40_41xxx.o(.text)
    HardFault_Handler                        0x0800028d   Thumb Code     2  startup_stm32f40_41xxx.o(.text)
    MemManage_Handler                        0x0800028f   Thumb Code     2  startup_stm32f40_41xxx.o(.text)
    BusFault_Handler                         0x08000291   Thumb Code     2  startup_stm32f40_41xxx.o(.text)
    UsageFault_Handler                       0x08000293   Thumb Code     2  startup_stm32f40_41xxx.o(.text)
    SVC_Handler                              0x08000295   Thumb Code     2  startup_stm32f40_41xxx.o(.text)
    DebugMon_Handler                         0x08000297   Thumb Code     2  startup_stm32f40_41xxx.o(.text)
    PendSV_Handler                           0x08000299   Thumb Code     2  startup_stm32f40_41xxx.o(.text)
    SysTick_Handler                          0x0800029b   Thumb Code     2  startup_stm32f40_41xxx.o(.text)
    ADC_IRQHandler                           0x0800029d   Thumb Code     0  startup_stm32f40_41xxx.o(.text)
    CAN1_RX0_IRQHandler                      0x0800029d   Thumb Code     0  startup_stm32f40_41xxx.o(.text)
    CAN1_RX1_IRQHandler                      0x0800029d   Thumb Code     0  startup_stm32f40_41xxx.o(.text)
    CAN1_SCE_IRQHandler                      0x0800029d   Thumb Code     0  startup_stm32f40_41xxx.o(.text)
    CAN1_TX_IRQHandler                       0x0800029d   Thumb Code     0  startup_stm32f40_41xxx.o(.text)
    CAN2_RX0_IRQHandler                      0x0800029d   Thumb Code     0  startup_stm32f40_41xxx.o(.text)
    CAN2_RX1_IRQHandler                      0x0800029d   Thumb Code     0  startup_stm32f40_41xxx.o(.text)
    CAN2_SCE_IRQHandler                      0x0800029d   Thumb Code     0  startup_stm32f40_41xxx.o(.text)
    CAN2_TX_IRQHandler                       0x0800029d   Thumb Code     0  startup_stm32f40_41xxx.o(.text)
    CRYP_IRQHandler                          0x0800029d   Thumb Code     0  startup_stm32f40_41xxx.o(.text)
    DMA1_Stream0_IRQHandler                  0x0800029d   Thumb Code     0  startup_stm32f40_41xxx.o(.text)
    DMA1_Stream1_IRQHandler                  0x0800029d   Thumb Code     0  startup_stm32f40_41xxx.o(.text)
    DMA1_Stream2_IRQHandler                  0x0800029d   Thumb Code     0  startup_stm32f40_41xxx.o(.text)
    DMA1_Stream3_IRQHandler                  0x0800029d   Thumb Code     0  startup_stm32f40_41xxx.o(.text)
    DMA1_Stream4_IRQHandler                  0x0800029d   Thumb Code     0  startup_stm32f40_41xxx.o(.text)
    DMA1_Stream5_IRQHandler                  0x0800029d   Thumb Code     0  startup_stm32f40_41xxx.o(.text)
    DMA1_Stream6_IRQHandler                  0x0800029d   Thumb Code     0  startup_stm32f40_41xxx.o(.text)
    DMA1_Stream7_IRQHandler                  0x0800029d   Thumb Code     0  startup_stm32f40_41xxx.o(.text)
    DMA2_Stream0_IRQHandler                  0x0800029d   Thumb Code     0  startup_stm32f40_41xxx.o(.text)
    DMA2_Stream1_IRQHandler                  0x0800029d   Thumb Code     0  startup_stm32f40_41xxx.o(.text)
    DMA2_Stream2_IRQHandler                  0x0800029d   Thumb Code     0  startup_stm32f40_41xxx.o(.text)
    DMA2_Stream3_IRQHandler                  0x0800029d   Thumb Code     0  startup_stm32f40_41xxx.o(.text)
    DMA2_Stream4_IRQHandler                  0x0800029d   Thumb Code     0  startup_stm32f40_41xxx.o(.text)
    DMA2_Stream5_IRQHandler                  0x0800029d   Thumb Code     0  startup_stm32f40_41xxx.o(.text)
    DMA2_Stream6_IRQHandler                  0x0800029d   Thumb Code     0  startup_stm32f40_41xxx.o(.text)
    DMA2_Stream7_IRQHandler                  0x0800029d   Thumb Code     0  startup_stm32f40_41xxx.o(.text)
    ETH_IRQHandler                           0x0800029d   Thumb Code     0  startup_stm32f40_41xxx.o(.text)
    ETH_WKUP_IRQHandler                      0x0800029d   Thumb Code     0  startup_stm32f40_41xxx.o(.text)
    EXTI0_IRQHandler                         0x0800029d   Thumb Code     0  startup_stm32f40_41xxx.o(.text)
    EXTI15_10_IRQHandler                     0x0800029d   Thumb Code     0  startup_stm32f40_41xxx.o(.text)
    EXTI1_IRQHandler                         0x0800029d   Thumb Code     0  startup_stm32f40_41xxx.o(.text)
    EXTI2_IRQHandler                         0x0800029d   Thumb Code     0  startup_stm32f40_41xxx.o(.text)
    EXTI3_IRQHandler                         0x0800029d   Thumb Code     0  startup_stm32f40_41xxx.o(.text)
    EXTI4_IRQHandler                         0x0800029d   Thumb Code     0  startup_stm32f40_41xxx.o(.text)
    EXTI9_5_IRQHandler                       0x0800029d   Thumb Code     0  startup_stm32f40_41xxx.o(.text)
    FLASH_IRQHandler                         0x0800029d   Thumb Code     0  startup_stm32f40_41xxx.o(.text)
    FPU_IRQHandler                           0x0800029d   Thumb Code     0  startup_stm32f40_41xxx.o(.text)
    FSMC_IRQHandler                          0x0800029d   Thumb Code     0  startup_stm32f40_41xxx.o(.text)
    HASH_RNG_IRQHandler                      0x0800029d   Thumb Code     0  startup_stm32f40_41xxx.o(.text)
    I2C1_ER_IRQHandler                       0x0800029d   Thumb Code     0  startup_stm32f40_41xxx.o(.text)
    I2C1_EV_IRQHandler                       0x0800029d   Thumb Code     0  startup_stm32f40_41xxx.o(.text)
    I2C2_ER_IRQHandler                       0x0800029d   Thumb Code     0  startup_stm32f40_41xxx.o(.text)
    I2C2_EV_IRQHandler                       0x0800029d   Thumb Code     0  startup_stm32f40_41xxx.o(.text)
    I2C3_ER_IRQHandler                       0x0800029d   Thumb Code     0  startup_stm32f40_41xxx.o(.text)
    I2C3_EV_IRQHandler                       0x0800029d   Thumb Code     0  startup_stm32f40_41xxx.o(.text)
    OTG_FS_IRQHandler                        0x0800029d   Thumb Code     0  startup_stm32f40_41xxx.o(.text)
    OTG_FS_WKUP_IRQHandler                   0x0800029d   Thumb Code     0  startup_stm32f40_41xxx.o(.text)
    OTG_HS_EP1_IN_IRQHandler                 0x0800029d   Thumb Code     0  startup_stm32f40_41xxx.o(.text)
    OTG_HS_EP1_OUT_IRQHandler                0x0800029d   Thumb Code     0  startup_stm32f40_41xxx.o(.text)
    OTG_HS_IRQHandler                        0x0800029d   Thumb Code     0  startup_stm32f40_41xxx.o(.text)
    OTG_HS_WKUP_IRQHandler                   0x0800029d   Thumb Code     0  startup_stm32f40_41xxx.o(.text)
    PVD_IRQHandler                           0x0800029d   Thumb Code     0  startup_stm32f40_41xxx.o(.text)
    RCC_IRQHandler                           0x0800029d   Thumb Code     0  startup_stm32f40_41xxx.o(.text)
    RTC_Alarm_IRQHandler                     0x0800029d   Thumb Code     0  startup_stm32f40_41xxx.o(.text)
    RTC_WKUP_IRQHandler                      0x0800029d   Thumb Code     0  startup_stm32f40_41xxx.o(.text)
    SDIO_IRQHandler                          0x0800029d   Thumb Code     0  startup_stm32f40_41xxx.o(.text)
    SPI1_IRQHandler                          0x0800029d   Thumb Code     0  startup_stm32f40_41xxx.o(.text)
    SPI2_IRQHandler                          0x0800029d   Thumb Code     0  startup_stm32f40_41xxx.o(.text)
    SPI3_IRQHandler                          0x0800029d   Thumb Code     0  startup_stm32f40_41xxx.o(.text)
    TAMP_STAMP_IRQHandler                    0x0800029d   Thumb Code     0  startup_stm32f40_41xxx.o(.text)
    TIM1_BRK_TIM9_IRQHandler                 0x0800029d   Thumb Code     0  startup_stm32f40_41xxx.o(.text)
    TIM1_CC_IRQHandler                       0x0800029d   Thumb Code     0  startup_stm32f40_41xxx.o(.text)
    TIM1_TRG_COM_TIM11_IRQHandler            0x0800029d   Thumb Code     0  startup_stm32f40_41xxx.o(.text)
    TIM1_UP_TIM10_IRQHandler                 0x0800029d   Thumb Code     0  startup_stm32f40_41xxx.o(.text)
    TIM2_IRQHandler                          0x0800029d   Thumb Code     0  startup_stm32f40_41xxx.o(.text)
    TIM4_IRQHandler                          0x0800029d   Thumb Code     0  startup_stm32f40_41xxx.o(.text)
    TIM6_DAC_IRQHandler                      0x0800029d   Thumb Code     0  startup_stm32f40_41xxx.o(.text)
    TIM7_IRQHandler                          0x0800029d   Thumb Code     0  startup_stm32f40_41xxx.o(.text)
    TIM8_BRK_TIM12_IRQHandler                0x0800029d   Thumb Code     0  startup_stm32f40_41xxx.o(.text)
    TIM8_CC_IRQHandler                       0x0800029d   Thumb Code     0  startup_stm32f40_41xxx.o(.text)
    TIM8_TRG_COM_TIM14_IRQHandler            0x0800029d   Thumb Code     0  startup_stm32f40_41xxx.o(.text)
    TIM8_UP_TIM13_IRQHandler                 0x0800029d   Thumb Code     0  startup_stm32f40_41xxx.o(.text)
    UART4_IRQHandler                         0x0800029d   Thumb Code     0  startup_stm32f40_41xxx.o(.text)
    UART5_IRQHandler                         0x0800029d   Thumb Code     0  startup_stm32f40_41xxx.o(.text)
    USART3_IRQHandler                        0x0800029d   Thumb Code     0  startup_stm32f40_41xxx.o(.text)
    USART6_IRQHandler                        0x0800029d   Thumb Code     0  startup_stm32f40_41xxx.o(.text)
    WWDG_IRQHandler                          0x0800029d   Thumb Code     0  startup_stm32f40_41xxx.o(.text)
    __user_initial_stackheap                 0x080002a1   Thumb Code     0  startup_stm32f40_41xxx.o(.text)
    __use_no_semihosting                     0x080002c5   Thumb Code     2  use_no_semi_2.o(.text)
    __2printf                                0x080002c9   Thumb Code    20  noretval__2printf.o(.text)
    __2sprintf                               0x080002e1   Thumb Code    34  noretval__2sprintf.o(.text)
    __printf                                 0x08000309   Thumb Code   104  __printf.o(.text)
    _printf_str                              0x08000371   Thumb Code    82  _printf_str.o(.text)
    _printf_int_dec                          0x080003c5   Thumb Code   104  _printf_dec.o(.text)
    strlen                                   0x0800043d   Thumb Code    62  strlen.o(.text)
    __use_two_region_memory                  0x0800047b   Thumb Code     2  heapauxi.o(.text)
    __rt_heap_escrow$2region                 0x0800047d   Thumb Code     2  heapauxi.o(.text)
    __rt_heap_expand$2region                 0x0800047f   Thumb Code     2  heapauxi.o(.text)
    __I$use$semihosting                      0x08000481   Thumb Code     0  use_no_semi.o(.text)
    __use_no_semihosting_swi                 0x08000481   Thumb Code     2  use_no_semi.o(.text)
    _printf_int_common                       0x08000483   Thumb Code   178  _printf_intcommon.o(.text)
    _printf_char_common                      0x0800053f   Thumb Code    32  _printf_char_common.o(.text)
    _sputc                                   0x08000565   Thumb Code    10  _sputc.o(.text)
    _printf_cs_common                        0x0800056f   Thumb Code    20  _printf_char.o(.text)
    _printf_char                             0x08000583   Thumb Code    16  _printf_char.o(.text)
    _printf_string                           0x08000593   Thumb Code     8  _printf_char.o(.text)
    _printf_char_file                        0x0800059d   Thumb Code    32  _printf_char_file.o(.text)
    ferror                                   0x080005c1   Thumb Code     8  ferror.o(.text)
    __user_setup_stackheap                   0x080005c9   Thumb Code    74  sys_stackheap_outer.o(.text)
    exit                                     0x08000613   Thumb Code    18  exit.o(.text)
    __user_libspace                          0x08000625   Thumb Code     8  libspace.o(.text)
    __user_perproc_libspace                  0x08000625   Thumb Code     0  libspace.o(.text)
    __user_perthread_libspace                0x08000625   Thumb Code     0  libspace.o(.text)
    DCMI_DMA_Init                            0x0800062d   Thumb Code   160  dcmi.o(i.DCMI_DMA_Init)
    DCMI_IRQHandler                          0x080006d9   Thumb Code    56  dcmi.o(i.DCMI_IRQHandler)
    DCMI_Init                                0x0800071d   Thumb Code   360  dcmi.o(i.DCMI_Init)
    DCMI_Start                               0x0800089d   Thumb Code    40  dcmi.o(i.DCMI_Start)
    DCMI_Stop                                0x080008cd   Thumb Code    40  dcmi.o(i.DCMI_Stop)
    FSMC_SRAM_Init                           0x080008fd   Thumb Code   596  sram.o(i.FSMC_SRAM_Init)
    GPIO_AF_Set                              0x08000b69   Thumb Code    64  sys.o(i.GPIO_AF_Set)
    GPIO_Set                                 0x08000ba9   Thumb Code   222  sys.o(i.GPIO_Set)
    LCD_BGR2RGB                              0x08000c87   Thumb Code    26  ili93xx.o(i.LCD_BGR2RGB)
    LCD_Clear                                0x08000ca1   Thumb Code   100  ili93xx.o(i.LCD_Clear)
    LCD_Display_Dir                          0x08000d0d   Thumb Code   444  ili93xx.o(i.LCD_Display_Dir)
    LCD_Fast_DrawPoint                       0x08000ecd   Thumb Code   374  ili93xx.o(i.LCD_Fast_DrawPoint)
    LCD_Fill                                 0x0800104d   Thumb Code   180  ili93xx.o(i.LCD_Fill)
    LCD_Init                                 0x08001105   Thumb Code 14610  ili93xx.o(i.LCD_Init)
    LCD_RD_DATA                              0x08004a21   Thumb Code    14  ili93xx.o(i.LCD_RD_DATA)
    LCD_ReadPoint                            0x08004a35   Thumb Code   360  ili93xx.o(i.LCD_ReadPoint)
    LCD_ReadReg                              0x08004ba1   Thumb Code    22  ili93xx.o(i.LCD_ReadReg)
    LCD_SSD_BackLightSet                     0x08004bb9   Thumb Code    88  ili93xx.o(i.LCD_SSD_BackLightSet)
    LCD_Scan_Dir                             0x08004c19   Thumb Code   744  ili93xx.o(i.LCD_Scan_Dir)
    LCD_SetCursor                            0x08004f05   Thumb Code   418  ili93xx.o(i.LCD_SetCursor)
    LCD_ShowChar                             0x080050ad   Thumb Code   272  ili93xx.o(i.LCD_ShowChar)
    LCD_ShowString                           0x080051d5   Thumb Code   102  ili93xx.o(i.LCD_ShowString)
    LCD_WR_DATA                              0x0800523d   Thumb Code    18  ili93xx.o(i.LCD_WR_DATA)
    LCD_WR_REG                               0x08005255   Thumb Code    18  ili93xx.o(i.LCD_WR_REG)
    LCD_WriteRAM_Prepare                     0x0800526d   Thumb Code    10  ili93xx.o(i.LCD_WriteRAM_Prepare)
    LCD_WriteReg                             0x08005281   Thumb Code    14  ili93xx.o(i.LCD_WriteReg)
    LED_Init                                 0x08005295   Thumb Code    48  led.o(i.LED_Init)
    MY_NVIC_Init                             0x080052d5   Thumb Code   116  sys.o(i.MY_NVIC_Init)
    MY_NVIC_PriorityGroupConfig              0x0800534d   Thumb Code    32  sys.o(i.MY_NVIC_PriorityGroupConfig)
    MY_NVIC_SetVectorTable                   0x08005375   Thumb Code    12  sys.o(i.MY_NVIC_SetVectorTable)
    OV5640_Brightness                        0x08005385   Thumb Code    90  ov5640.o(i.OV5640_Brightness)
    OV5640_Color_Saturation                  0x080053e1   Thumb Code   120  ov5640.o(i.OV5640_Color_Saturation)
    OV5640_Contrast                          0x0800545d   Thumb Code   120  ov5640.o(i.OV5640_Contrast)
    OV5640_Flash_Ctrl                        0x080054d5   Thumb Code    50  ov5640.o(i.OV5640_Flash_Ctrl)
    OV5640_Focus_Constant                    0x08005507   Thumb Code   124  ov5640.o(i.OV5640_Focus_Constant)
    OV5640_Focus_Init                        0x08005585   Thumb Code   180  ov5640.o(i.OV5640_Focus_Init)
    OV5640_Init                              0x0800563d   Thumb Code   212  ov5640.o(i.OV5640_Init)
    OV5640_Light_Mode                        0x0800572d   Thumb Code    66  ov5640.o(i.OV5640_Light_Mode)
    OV5640_OutSize_Set                       0x08005775   Thumb Code   128  ov5640.o(i.OV5640_OutSize_Set)
    OV5640_RD_Reg                            0x080057f5   Thumb Code    60  ov5640.o(i.OV5640_RD_Reg)
    OV5640_RGB565_Mode                       0x08005831   Thumb Code    36  ov5640.o(i.OV5640_RGB565_Mode)
    OV5640_Sharpness                         0x08005859   Thumb Code   122  ov5640.o(i.OV5640_Sharpness)
    OV5640_WR_Reg                            0x080058d3   Thumb Code    60  ov5640.o(i.OV5640_WR_Reg)
    PcTx_Byte2                               0x08005911   Thumb Code    22  usart2.o(i.PcTx_Byte2)
    SCCB_Delay                               0x0800592d   Thumb Code    10  sccb.o(i.SCCB_Delay)
    SCCB_Init                                0x08005939   Thumb Code    74  sccb.o(i.SCCB_Init)
    SCCB_No_Ack                              0x0800598d   Thumb Code    48  sccb.o(i.SCCB_No_Ack)
    SCCB_RD_Byte                             0x080059c5   Thumb Code    96  sccb.o(i.SCCB_RD_Byte)
    SCCB_Start                               0x08005a31   Thumb Code    38  sccb.o(i.SCCB_Start)
    SCCB_Stop                                0x08005a61   Thumb Code    36  sccb.o(i.SCCB_Stop)
    SCCB_WR_Byte                             0x08005a8d   Thumb Code   146  sccb.o(i.SCCB_WR_Byte)
    Stm32_Clock_Init                         0x08005b2d   Thumb Code    90  sys.o(i.Stm32_Clock_Init)
    Sys_Clock_Set                            0x08005b95   Thumb Code   254  sys.o(i.Sys_Clock_Set)
    TIM3_IRQHandler                          0x08005ca1   Thumb Code    34  timer.o(i.TIM3_IRQHandler)
    TIM3_Int_Init                            0x08005ccd   Thumb Code    72  timer.o(i.TIM3_Int_Init)
    TIM5_IRQHandler                          0x08005d1d   Thumb Code   214  timer.o(i.TIM5_IRQHandler)
    USART1_IRQHandler                        0x08005e01   Thumb Code   116  usart.o(i.USART1_IRQHandler)
    USART2_IRQHandler                        0x08005e81   Thumb Code    22  usart2.o(i.USART2_IRQHandler)
    _sys_exit                                0x08005ea1   Thumb Code     6  usart.o(i._sys_exit)
    colorIdtif                               0x08005ea9   Thumb Code   128  color.o(i.colorIdtif)
    delay_init                               0x08005f2d   Thumb Code    56  delay.o(i.delay_init)
    delay_ms                                 0x08005f6d   Thumb Code    56  delay.o(i.delay_ms)
    delay_us                                 0x08005fa5   Thumb Code    56  delay.o(i.delay_us)
    delay_xms                                0x08005fe1   Thumb Code    56  delay.o(i.delay_xms)
    fputc                                    0x0800601d   Thumb Code    22  usart.o(i.fputc)
    jpeg_data_process                        0x08006039   Thumb Code   116  test.o(i.jpeg_data_process)
    least_squares                            0x080060bd   Thumb Code    28  color.o(i.least_squares)
    main                                     0x080060d9   Thumb Code   250  test.o(i.main)
    opt_delay                                0x08006235   Thumb Code    14  ili93xx.o(i.opt_delay)
    rgb16ToB                                 0x08006243   Thumb Code     8  color.o(i.rgb16ToB)
    rgb16ToG                                 0x0800624b   Thumb Code    10  color.o(i.rgb16ToG)
    rgb16ToR                                 0x08006255   Thumb Code    10  color.o(i.rgb16ToR)
    rgb24ToB                                 0x0800625f   Thumb Code     6  color.o(i.rgb24ToB)
    rgb24ToG                                 0x08006265   Thumb Code     8  color.o(i.rgb24ToG)
    rgb24ToR                                 0x0800626d   Thumb Code     8  color.o(i.rgb24ToR)
    rgb565_test                              0x08006275   Thumb Code   236  test.o(i.rgb565_test)
    sendToXfs5152ce                          0x080063ed   Thumb Code    60  kfxf.o(i.sendToXfs5152ce)
    show_color                               0x08006429   Thumb Code   100  color.o(i.show_color)
    show_sound                               0x08006491   Thumb Code    68  kfxf.o(i.show_sound)
    uart_init                                0x080064f1   Thumb Code   240  usart.o(i.uart_init)
    usart2_init                              0x080065f1   Thumb Code   236  usart2.o(i.usart2_init)
    __aeabi_d2uiz                            0x080066ed   Thumb Code     0  dfixu.o(x$fpl$dfixu)
    _dfixu                                   0x080066ed   Thumb Code    90  dfixu.o(x$fpl$dfixu)
    __aeabi_ui2d                             0x08006747   Thumb Code     0  dflt_clz.o(x$fpl$dfltu)
    _dfltu                                   0x08006747   Thumb Code    38  dflt_clz.o(x$fpl$dfltu)
    __aeabi_dmul                             0x0800676d   Thumb Code     0  dmul.o(x$fpl$dmul)
    _dmul                                    0x0800676d   Thumb Code   332  dmul.o(x$fpl$dmul)
    __fpl_dnaninf                            0x080068c1   Thumb Code   156  dnaninf.o(x$fpl$dnaninf)
    __fpl_dretinf                            0x0800695d   Thumb Code    12  dretinf.o(x$fpl$dretinf)
    _fp_init                                 0x08006969   Thumb Code    10  fpinit.o(x$fpl$fpinit)
    __fplib_config_fpu_vfp                   0x08006971   Thumb Code     0  fpinit.o(x$fpl$fpinit)
    __fplib_config_pureend_doubles           0x08006971   Thumb Code     0  fpinit.o(x$fpl$fpinit)
    __I$use$fp                               0x08006972   Number         0  usenofp.o(x$fpl$usenofp)
    asc2_1206                                0x08006972   Data        1140  ili93xx.o(.constdata)
    asc2_1608                                0x08006de6   Data        1520  ili93xx.o(.constdata)
    asc2_2412                                0x080073d6   Data        3420  ili93xx.o(.constdata)
    OV5640_jpeg_reg_tbl                      0x08008132   Data         164  ov5640.o(.constdata)
    ov5640_rgb565_reg_tbl                    0x080081d6   Data         180  ov5640.o(.constdata)
    ov5640_init_reg_tbl                      0x0800828a   Data         828  ov5640.o(.constdata)
    OV5640_AF_Config                         0x080085c6   Data        4077  ov5640.o(.constdata)
    Region$$Table$$Base                      0x08009acc   Number         0  anon$$obj.o(Region$$Table)
    Region$$Table$$Limit                     0x08009aec   Number         0  anon$$obj.o(Region$$Table)
    ovx_mode                                 0x20000000   Data           1  test.o(.data)
    jpeg_data_len                            0x20000004   Data           4  test.o(.data)
    jpeg_data_ok                             0x20000008   Data           1  test.o(.data)
    EFFECTS_TBL                              0x2000000c   Data          28  test.o(.data)
    JPEG_SIZE_TBL                            0x20000028   Data          48  test.o(.data)
    __stdout                                 0x2000005c   Data           4  usart.o(.data)
    USART_RX_STA                             0x20000060   Data           2  usart.o(.data)
    POINT_COLOR                              0x20000062   Data           2  ili93xx.o(.data)
    BACK_COLOR                               0x20000064   Data           2  ili93xx.o(.data)
    ov_frame                                 0x20000066   Data           1  dcmi.o(.data)
    res_t2                                   0x20000067   Data           1  usart2.o(.data)
    heartBeat                                0x20000068   Data           4  timer.o(.data)
    TIM5CH1_CAPTURE_STA                      0x2000006c   Data           1  timer.o(.data)
    TIM5CH1_CAPTURE_VAL                      0x20000070   Data           4  timer.o(.data)
    rgbNameCN                                0x20000074   Data         220  color.o(.data)
    rgbNameEN                                0x20000150   Data         224  color.o(.data)
    rgbHex                                   0x20000230   Data         224  color.o(.data)
    USART_RX_BUF                             0x20000310   Data         200  usart.o(.bss)
    lcddev                                   0x200003d8   Data          14  ili93xx.o(.bss)
    __libspace_start                         0x200003e8   Data          96  libspace.o(.bss)
    __temporary_stack_top$libspace           0x20000448   Data           0  libspace.o(.bss)



==============================================================================

Memory Map of the image

  Image Entry point : 0x08000189

  Load Region LR_IROM1 (Base: 0x08000000, Size: 0x00009dfc, Max: 0x00100000, ABSOLUTE, COMPRESSED[0x00009d2c])

    Execution Region ER_IROM1 (Exec base: 0x08000000, Load base: 0x08000000, Size: 0x00009aec, Max: 0x00100000, ABSOLUTE)

    Exec Addr    Load Addr    Size         Type   Attr      Idx    E Section Name        Object

    0x08000000   0x08000000   0x00000188   Data   RO            3    RESET               startup_stm32f40_41xxx.o
    0x08000188   0x08000188   0x00000008   Code   RO         1089  * !!!main             c_w.l(__main.o)
    0x08000190   0x08000190   0x00000034   Code   RO         1280    !!!scatter          c_w.l(__scatter.o)
    0x080001c4   0x080001c4   0x0000005a   Code   RO         1278    !!dczerorl2         c_w.l(__dczerorl2.o)
    0x0800021e   0x0800021e   0x00000002   PAD
    0x08000220   0x08000220   0x0000001c   Code   RO         1282    !!handler_zi        c_w.l(__scatter_zi.o)
    0x0800023c   0x0800023c   0x00000000   Code   RO         1084    .ARM.Collect$$_printf_percent$$00000000  c_w.l(_printf_percent.o)
    0x0800023c   0x0800023c   0x00000006   Code   RO         1083    .ARM.Collect$$_printf_percent$$00000009  c_w.l(_printf_d.o)
    0x08000242   0x08000242   0x00000006   Code   RO         1082    .ARM.Collect$$_printf_percent$$00000014  c_w.l(_printf_s.o)
    0x08000248   0x08000248   0x00000004   Code   RO         1116    .ARM.Collect$$_printf_percent$$00000017  c_w.l(_printf_percent_end.o)
    0x0800024c   0x0800024c   0x00000002   Code   RO         1152    .ARM.Collect$$libinit$$00000000  c_w.l(libinit.o)
    0x0800024e   0x0800024e   0x00000004   Code   RO         1158    .ARM.Collect$$libinit$$00000001  c_w.l(libinit2.o)
    0x08000252   0x08000252   0x00000000   Code   RO         1161    .ARM.Collect$$libinit$$00000004  c_w.l(libinit2.o)
    0x08000252   0x08000252   0x00000000   Code   RO         1164    .ARM.Collect$$libinit$$0000000A  c_w.l(libinit2.o)
    0x08000252   0x08000252   0x00000000   Code   RO         1166    .ARM.Collect$$libinit$$0000000C  c_w.l(libinit2.o)
    0x08000252   0x08000252   0x00000000   Code   RO         1168    .ARM.Collect$$libinit$$0000000E  c_w.l(libinit2.o)
    0x08000252   0x08000252   0x00000000   Code   RO         1171    .ARM.Collect$$libinit$$00000011  c_w.l(libinit2.o)
    0x08000252   0x08000252   0x00000000   Code   RO         1173    .ARM.Collect$$libinit$$00000013  c_w.l(libinit2.o)
    0x08000252   0x08000252   0x00000000   Code   RO         1175    .ARM.Collect$$libinit$$00000015  c_w.l(libinit2.o)
    0x08000252   0x08000252   0x00000000   Code   RO         1177    .ARM.Collect$$libinit$$00000017  c_w.l(libinit2.o)
    0x08000252   0x08000252   0x00000000   Code   RO         1179    .ARM.Collect$$libinit$$00000019  c_w.l(libinit2.o)
    0x08000252   0x08000252   0x00000000   Code   RO         1181    .ARM.Collect$$libinit$$0000001B  c_w.l(libinit2.o)
    0x08000252   0x08000252   0x00000000   Code   RO         1183    .ARM.Collect$$libinit$$0000001D  c_w.l(libinit2.o)
    0x08000252   0x08000252   0x00000000   Code   RO         1185    .ARM.Collect$$libinit$$0000001F  c_w.l(libinit2.o)
    0x08000252   0x08000252   0x00000000   Code   RO         1187    .ARM.Collect$$libinit$$00000021  c_w.l(libinit2.o)
    0x08000252   0x08000252   0x00000000   Code   RO         1189    .ARM.Collect$$libinit$$00000023  c_w.l(libinit2.o)
    0x08000252   0x08000252   0x00000000   Code   RO         1191    .ARM.Collect$$libinit$$00000025  c_w.l(libinit2.o)
    0x08000252   0x08000252   0x00000000   Code   RO         1195    .ARM.Collect$$libinit$$0000002C  c_w.l(libinit2.o)
    0x08000252   0x08000252   0x00000000   Code   RO         1197    .ARM.Collect$$libinit$$0000002E  c_w.l(libinit2.o)
    0x08000252   0x08000252   0x00000000   Code   RO         1199    .ARM.Collect$$libinit$$00000030  c_w.l(libinit2.o)
    0x08000252   0x08000252   0x00000000   Code   RO         1201    .ARM.Collect$$libinit$$00000032  c_w.l(libinit2.o)
    0x08000252   0x08000252   0x00000002   Code   RO         1202    .ARM.Collect$$libinit$$00000033  c_w.l(libinit2.o)
    0x08000254   0x08000254   0x00000002   Code   RO         1220    .ARM.Collect$$libshutdown$$00000000  c_w.l(libshutdown.o)
    0x08000256   0x08000256   0x00000000   Code   RO         1230    .ARM.Collect$$libshutdown$$00000002  c_w.l(libshutdown2.o)
    0x08000256   0x08000256   0x00000000   Code   RO         1232    .ARM.Collect$$libshutdown$$00000004  c_w.l(libshutdown2.o)
    0x08000256   0x08000256   0x00000000   Code   RO         1235    .ARM.Collect$$libshutdown$$00000007  c_w.l(libshutdown2.o)
    0x08000256   0x08000256   0x00000000   Code   RO         1238    .ARM.Collect$$libshutdown$$0000000A  c_w.l(libshutdown2.o)
    0x08000256   0x08000256   0x00000000   Code   RO         1240    .ARM.Collect$$libshutdown$$0000000C  c_w.l(libshutdown2.o)
    0x08000256   0x08000256   0x00000000   Code   RO         1243    .ARM.Collect$$libshutdown$$0000000F  c_w.l(libshutdown2.o)
    0x08000256   0x08000256   0x00000002   Code   RO         1244    .ARM.Collect$$libshutdown$$00000010  c_w.l(libshutdown2.o)
    0x08000258   0x08000258   0x00000000   Code   RO         1105    .ARM.Collect$$rtentry$$00000000  c_w.l(__rtentry.o)
    0x08000258   0x08000258   0x00000000   Code   RO         1123    .ARM.Collect$$rtentry$$00000002  c_w.l(__rtentry2.o)
    0x08000258   0x08000258   0x00000006   Code   RO         1135    .ARM.Collect$$rtentry$$00000004  c_w.l(__rtentry4.o)
    0x0800025e   0x0800025e   0x00000000   Code   RO         1125    .ARM.Collect$$rtentry$$00000009  c_w.l(__rtentry2.o)
    0x0800025e   0x0800025e   0x00000004   Code   RO         1126    .ARM.Collect$$rtentry$$0000000A  c_w.l(__rtentry2.o)
    0x08000262   0x08000262   0x00000000   Code   RO         1128    .ARM.Collect$$rtentry$$0000000C  c_w.l(__rtentry2.o)
    0x08000262   0x08000262   0x00000008   Code   RO         1129    .ARM.Collect$$rtentry$$0000000D  c_w.l(__rtentry2.o)
    0x0800026a   0x0800026a   0x00000002   Code   RO         1156    .ARM.Collect$$rtexit$$00000000  c_w.l(rtexit.o)
    0x0800026c   0x0800026c   0x00000000   Code   RO         1204    .ARM.Collect$$rtexit$$00000002  c_w.l(rtexit2.o)
    0x0800026c   0x0800026c   0x00000004   Code   RO         1205    .ARM.Collect$$rtexit$$00000003  c_w.l(rtexit2.o)
    0x08000270   0x08000270   0x00000006   Code   RO         1206    .ARM.Collect$$rtexit$$00000004  c_w.l(rtexit2.o)
    0x08000276   0x08000276   0x00000002   PAD
    0x08000278   0x08000278   0x0000004c   Code   RO            4    .text               startup_stm32f40_41xxx.o
    0x080002c4   0x080002c4   0x00000002   Code   RO         1046    .text               c_w.l(use_no_semi_2.o)
    0x080002c6   0x080002c6   0x00000002   PAD
    0x080002c8   0x080002c8   0x00000018   Code   RO         1052    .text               c_w.l(noretval__2printf.o)
    0x080002e0   0x080002e0   0x00000028   Code   RO         1054    .text               c_w.l(noretval__2sprintf.o)
    0x08000308   0x08000308   0x00000068   Code   RO         1056    .text               c_w.l(__printf.o)
    0x08000370   0x08000370   0x00000052   Code   RO         1058    .text               c_w.l(_printf_str.o)
    0x080003c2   0x080003c2   0x00000002   PAD
    0x080003c4   0x080003c4   0x00000078   Code   RO         1060    .text               c_w.l(_printf_dec.o)
    0x0800043c   0x0800043c   0x0000003e   Code   RO         1085    .text               c_w.l(strlen.o)
    0x0800047a   0x0800047a   0x00000006   Code   RO         1087    .text               c_w.l(heapauxi.o)
    0x08000480   0x08000480   0x00000002   Code   RO         1103    .text               c_w.l(use_no_semi.o)
    0x08000482   0x08000482   0x000000b2   Code   RO         1106    .text               c_w.l(_printf_intcommon.o)
    0x08000534   0x08000534   0x00000030   Code   RO         1108    .text               c_w.l(_printf_char_common.o)
    0x08000564   0x08000564   0x0000000a   Code   RO         1110    .text               c_w.l(_sputc.o)
    0x0800056e   0x0800056e   0x0000002c   Code   RO         1112    .text               c_w.l(_printf_char.o)
    0x0800059a   0x0800059a   0x00000002   PAD
    0x0800059c   0x0800059c   0x00000024   Code   RO         1114    .text               c_w.l(_printf_char_file.o)
    0x080005c0   0x080005c0   0x00000008   Code   RO         1139    .text               c_w.l(ferror.o)
    0x080005c8   0x080005c8   0x0000004a   Code   RO         1143    .text               c_w.l(sys_stackheap_outer.o)
    0x08000612   0x08000612   0x00000012   Code   RO         1145    .text               c_w.l(exit.o)
    0x08000624   0x08000624   0x00000008   Code   RO         1153    .text               c_w.l(libspace.o)
    0x0800062c   0x0800062c   0x000000ac   Code   RO          553    i.DCMI_DMA_Init     dcmi.o
    0x080006d8   0x080006d8   0x00000044   Code   RO          554    i.DCMI_IRQHandler   dcmi.o
    0x0800071c   0x0800071c   0x00000180   Code   RO          555    i.DCMI_Init         dcmi.o
    0x0800089c   0x0800089c   0x00000030   Code   RO          557    i.DCMI_Start        dcmi.o
    0x080008cc   0x080008cc   0x00000030   Code   RO          558    i.DCMI_Stop         dcmi.o
    0x080008fc   0x080008fc   0x0000026c   Code   RO          898    i.FSMC_SRAM_Init    sram.o
    0x08000b68   0x08000b68   0x00000040   Code   RO          171    i.GPIO_AF_Set       sys.o
    0x08000ba8   0x08000ba8   0x000000de   Code   RO          172    i.GPIO_Set          sys.o
    0x08000c86   0x08000c86   0x0000001a   Code   RO          334    i.LCD_BGR2RGB       ili93xx.o
    0x08000ca0   0x08000ca0   0x0000006c   Code   RO          335    i.LCD_Clear         ili93xx.o
    0x08000d0c   0x08000d0c   0x000001c0   Code   RO          339    i.LCD_Display_Dir   ili93xx.o
    0x08000ecc   0x08000ecc   0x00000180   Code   RO          344    i.LCD_Fast_DrawPoint  ili93xx.o
    0x0800104c   0x0800104c   0x000000b8   Code   RO          345    i.LCD_Fill          ili93xx.o
    0x08001104   0x08001104   0x0000391c   Code   RO          346    i.LCD_Init          ili93xx.o
    0x08004a20   0x08004a20   0x00000014   Code   RO          348    i.LCD_RD_DATA       ili93xx.o
    0x08004a34   0x08004a34   0x0000016c   Code   RO          349    i.LCD_ReadPoint     ili93xx.o
    0x08004ba0   0x08004ba0   0x00000016   Code   RO          350    i.LCD_ReadReg       ili93xx.o
    0x08004bb6   0x08004bb6   0x00000002   PAD
    0x08004bb8   0x08004bb8   0x00000060   Code   RO          351    i.LCD_SSD_BackLightSet  ili93xx.o
    0x08004c18   0x08004c18   0x000002ec   Code   RO          352    i.LCD_Scan_Dir      ili93xx.o
    0x08004f04   0x08004f04   0x000001a8   Code   RO          353    i.LCD_SetCursor     ili93xx.o
    0x080050ac   0x080050ac   0x00000128   Code   RO          355    i.LCD_ShowChar      ili93xx.o
    0x080051d4   0x080051d4   0x00000066   Code   RO          357    i.LCD_ShowString    ili93xx.o
    0x0800523a   0x0800523a   0x00000002   PAD
    0x0800523c   0x0800523c   0x00000018   Code   RO          359    i.LCD_WR_DATA       ili93xx.o
    0x08005254   0x08005254   0x00000018   Code   RO          360    i.LCD_WR_REG        ili93xx.o
    0x0800526c   0x0800526c   0x00000014   Code   RO          362    i.LCD_WriteRAM_Prepare  ili93xx.o
    0x08005280   0x08005280   0x00000014   Code   RO          363    i.LCD_WriteReg      ili93xx.o
    0x08005294   0x08005294   0x00000040   Code   RO          314    i.LED_Init          led.o
    0x080052d4   0x080052d4   0x00000078   Code   RO          175    i.MY_NVIC_Init      sys.o
    0x0800534c   0x0800534c   0x00000028   Code   RO          176    i.MY_NVIC_PriorityGroupConfig  sys.o
    0x08005374   0x08005374   0x00000010   Code   RO          177    i.MY_NVIC_SetVectorTable  sys.o
    0x08005384   0x08005384   0x0000005a   Code   RO          702    i.OV5640_Brightness  ov5640.o
    0x080053de   0x080053de   0x00000002   PAD
    0x080053e0   0x080053e0   0x0000007c   Code   RO          703    i.OV5640_Color_Saturation  ov5640.o
    0x0800545c   0x0800545c   0x00000078   Code   RO          704    i.OV5640_Contrast   ov5640.o
    0x080054d4   0x080054d4   0x00000032   Code   RO          706    i.OV5640_Flash_Ctrl  ov5640.o
    0x08005506   0x08005506   0x0000007c   Code   RO          707    i.OV5640_Focus_Constant  ov5640.o
    0x08005582   0x08005582   0x00000002   PAD
    0x08005584   0x08005584   0x000000b8   Code   RO          708    i.OV5640_Focus_Init  ov5640.o
    0x0800563c   0x0800563c   0x000000f0   Code   RO          711    i.OV5640_Init       ov5640.o
    0x0800572c   0x0800572c   0x00000048   Code   RO          713    i.OV5640_Light_Mode  ov5640.o
    0x08005774   0x08005774   0x00000080   Code   RO          714    i.OV5640_OutSize_Set  ov5640.o
    0x080057f4   0x080057f4   0x0000003c   Code   RO          715    i.OV5640_RD_Reg     ov5640.o
    0x08005830   0x08005830   0x00000028   Code   RO          716    i.OV5640_RGB565_Mode  ov5640.o
    0x08005858   0x08005858   0x0000007a   Code   RO          717    i.OV5640_Sharpness  ov5640.o
    0x080058d2   0x080058d2   0x0000003c   Code   RO          720    i.OV5640_WR_Reg     ov5640.o
    0x0800590e   0x0800590e   0x00000002   PAD
    0x08005910   0x08005910   0x0000001c   Code   RO          611    i.PcTx_Byte2        usart2.o
    0x0800592c   0x0800592c   0x0000000a   Code   RO          842    i.SCCB_Delay        sccb.o
    0x08005936   0x08005936   0x00000002   PAD
    0x08005938   0x08005938   0x00000054   Code   RO          843    i.SCCB_Init         sccb.o
    0x0800598c   0x0800598c   0x00000038   Code   RO          844    i.SCCB_No_Ack       sccb.o
    0x080059c4   0x080059c4   0x0000006c   Code   RO          845    i.SCCB_RD_Byte      sccb.o
    0x08005a30   0x08005a30   0x00000030   Code   RO          846    i.SCCB_Start        sccb.o
    0x08005a60   0x08005a60   0x0000002c   Code   RO          847    i.SCCB_Stop         sccb.o
    0x08005a8c   0x08005a8c   0x000000a0   Code   RO          848    i.SCCB_WR_Byte      sccb.o
    0x08005b2c   0x08005b2c   0x00000068   Code   RO          178    i.Stm32_Clock_Init  sys.o
    0x08005b94   0x08005b94   0x0000010c   Code   RO          179    i.Sys_Clock_Set     sys.o
    0x08005ca0   0x08005ca0   0x0000002c   Code   RO          650    i.TIM3_IRQHandler   timer.o
    0x08005ccc   0x08005ccc   0x00000050   Code   RO          651    i.TIM3_Int_Init     timer.o
    0x08005d1c   0x08005d1c   0x000000e4   Code   RO          653    i.TIM5_IRQHandler   timer.o
    0x08005e00   0x08005e00   0x00000080   Code   RO          265    i.USART1_IRQHandler  usart.o
    0x08005e80   0x08005e80   0x00000020   Code   RO          612    i.USART2_IRQHandler  usart2.o
    0x08005ea0   0x08005ea0   0x00000006   Code   RO          266    i._sys_exit         usart.o
    0x08005ea6   0x08005ea6   0x00000002   PAD
    0x08005ea8   0x08005ea8   0x00000084   Code   RO          945    i.colorIdtif        color.o
    0x08005f2c   0x08005f2c   0x00000040   Code   RO          129    i.delay_init        delay.o
    0x08005f6c   0x08005f6c   0x00000038   Code   RO          130    i.delay_ms          delay.o
    0x08005fa4   0x08005fa4   0x0000003c   Code   RO          131    i.delay_us          delay.o
    0x08005fe0   0x08005fe0   0x0000003c   Code   RO          132    i.delay_xms         delay.o
    0x0800601c   0x0800601c   0x0000001c   Code   RO          267    i.fputc             usart.o
    0x08006038   0x08006038   0x00000084   Code   RO           12    i.jpeg_data_process  test.o
    0x080060bc   0x080060bc   0x0000001c   Code   RO          946    i.least_squares     color.o
    0x080060d8   0x080060d8   0x0000015c   Code   RO           13    i.main              test.o
    0x08006234   0x08006234   0x0000000e   Code   RO          364    i.opt_delay         ili93xx.o
    0x08006242   0x08006242   0x00000008   Code   RO          947    i.rgb16ToB          color.o
    0x0800624a   0x0800624a   0x0000000a   Code   RO          948    i.rgb16ToG          color.o
    0x08006254   0x08006254   0x0000000a   Code   RO          949    i.rgb16ToR          color.o
    0x0800625e   0x0800625e   0x00000006   Code   RO          950    i.rgb24ToB          color.o
    0x08006264   0x08006264   0x00000008   Code   RO          951    i.rgb24ToG          color.o
    0x0800626c   0x0800626c   0x00000008   Code   RO          952    i.rgb24ToR          color.o
    0x08006274   0x08006274   0x00000178   Code   RO           14    i.rgb565_test       test.o
    0x080063ec   0x080063ec   0x0000003c   Code   RO         1020    i.sendToXfs5152ce   kfxf.o
    0x08006428   0x08006428   0x00000068   Code   RO          953    i.show_color        color.o
    0x08006490   0x08006490   0x00000060   Code   RO         1021    i.show_sound        kfxf.o
    0x080064f0   0x080064f0   0x00000100   Code   RO          268    i.uart_init         usart.o
    0x080065f0   0x080065f0   0x000000fc   Code   RO          613    i.usart2_init       usart2.o
    0x080066ec   0x080066ec   0x0000005a   Code   RO         1091    x$fpl$dfixu         fz_wm.l(dfixu.o)
    0x08006746   0x08006746   0x00000026   Code   RO         1095    x$fpl$dfltu         fz_wm.l(dflt_clz.o)
    0x0800676c   0x0800676c   0x00000154   Code   RO         1101    x$fpl$dmul          fz_wm.l(dmul.o)
    0x080068c0   0x080068c0   0x0000009c   Code   RO         1117    x$fpl$dnaninf       fz_wm.l(dnaninf.o)
    0x0800695c   0x0800695c   0x0000000c   Code   RO         1119    x$fpl$dretinf       fz_wm.l(dretinf.o)
    0x08006968   0x08006968   0x0000000a   Code   RO         1212    x$fpl$fpinit        fz_wm.l(fpinit.o)
    0x08006972   0x08006972   0x00000000   Code   RO         1121    x$fpl$usenofp       fz_wm.l(usenofp.o)
    0x08006972   0x08006972   0x000017c0   Data   RO          366    .constdata          ili93xx.o
    0x08008132   0x08008132   0x0000150d   Data   RO          721    .constdata          ov5640.o
    0x0800963f   0x0800963f   0x00000001   PAD
    0x08009640   0x08009640   0x00000091   Data   RO           17    .conststring        test.o
    0x080096d1   0x080096d1   0x00000003   PAD
    0x080096d4   0x080096d4   0x000003f5   Data   RO          954    .conststring        color.o
    0x08009ac9   0x08009ac9   0x00000003   PAD
    0x08009acc   0x08009acc   0x00000020   Data   RO         1276    Region$$Table       anon$$obj.o


    Execution Region RW_IRAM1 (Exec base: 0x20000000, Load base: 0x08009aec, Size: 0x00000848, Max: 0x00020000, ABSOLUTE, COMPRESSED[0x00000240])

    Exec Addr    Load Addr    Size         Type   Attr      Idx    E Section Name        Object

    0x20000000   COMPRESSED   0x00000058   Data   RW           18    .data               test.o
    0x20000058   COMPRESSED   0x00000004   Data   RW          133    .data               delay.o
    0x2000005c   COMPRESSED   0x00000006   Data   RW          270    .data               usart.o
    0x20000062   COMPRESSED   0x00000004   Data   RW          367    .data               ili93xx.o
    0x20000066   COMPRESSED   0x00000001   Data   RW          559    .data               dcmi.o
    0x20000067   COMPRESSED   0x00000001   Data   RW          614    .data               usart2.o
    0x20000068   COMPRESSED   0x0000000c   Data   RW          655    .data               timer.o
    0x20000074   COMPRESSED   0x0000029c   Data   RW          955    .data               color.o
    0x20000310        -       0x000000c8   Zero   RW          269    .bss                usart.o
    0x200003d8        -       0x0000000e   Zero   RW          365    .bss                ili93xx.o
    0x200003e6   COMPRESSED   0x00000002   PAD
    0x200003e8        -       0x00000060   Zero   RW         1154    .bss                c_w.l(libspace.o)
    0x20000448        -       0x00000000   Zero   RW            2    HEAP                startup_stm32f40_41xxx.o
    0x20000448        -       0x00000400   Zero   RW            1    STACK               startup_stm32f40_41xxx.o


==============================================================================

Image component sizes


      Code (inc. data)   RO Data    RW Data    ZI Data      Debug   Object Name

       314          8       1013        668          0       5805   color.o
       720         64          0          1          0       2970   dcmi.o
       240         16          0          4          0       2403   delay.o
     17944        202       6080          4         14      23656   ili93xx.o
       156         28          0          0          0       1675   kfxf.o
        64         16          0          0          0        471   led.o
      1414         54       5389          0          0      10112   ov5640.o
       510         62          0          0          0       3754   sccb.o
       620         24          0          0          0        709   sram.o
        76         28        392          0       1024        864   startup_stm32f40_41xxx.o
       834         44          0          0          0       5014   sys.o
       856        254        145         88          0     234932   test.o
       352         32          0         12          0       1980   timer.o
       418         34          0          6        200       4224   usart.o
       312         32          0          1          0       1972   usart2.o

    ----------------------------------------------------------------------
     24844        898      13058        784       1240     300541   Object Totals
         0          0         32          0          0          0   (incl. Generated)
        14          0          7          0          2          0   (incl. Padding)

    ----------------------------------------------------------------------

      Code (inc. data)   RO Data    RW Data    ZI Data      Debug   Library Member Name

        90          0          0          0          0          0   __dczerorl2.o
         8          0          0          0          0         68   __main.o
       104          0          0          0          0         84   __printf.o
         0          0          0          0          0          0   __rtentry.o
        12          0          0          0          0          0   __rtentry2.o
         6          0          0          0          0          0   __rtentry4.o
        52          8          0          0          0          0   __scatter.o
        28          0          0          0          0          0   __scatter_zi.o
        44          0          0          0          0        108   _printf_char.o
        48          6          0          0          0         96   _printf_char_common.o
        36          4          0          0          0         80   _printf_char_file.o
         6          0          0          0          0          0   _printf_d.o
       120         16          0          0          0         92   _printf_dec.o
       178          0          0          0          0         88   _printf_intcommon.o
         0          0          0          0          0          0   _printf_percent.o
         4          0          0          0          0          0   _printf_percent_end.o
         6          0          0          0          0          0   _printf_s.o
        82          0          0          0          0         80   _printf_str.o
        10          0          0          0          0         68   _sputc.o
        18          0          0          0          0         80   exit.o
         8          0          0          0          0         68   ferror.o
         6          0          0          0          0        152   heapauxi.o
         2          0          0          0          0          0   libinit.o
         6          0          0          0          0          0   libinit2.o
         2          0          0          0          0          0   libshutdown.o
         2          0          0          0          0          0   libshutdown2.o
         8          4          0          0         96         68   libspace.o
        24          4          0          0          0         84   noretval__2printf.o
        40          6          0          0          0         84   noretval__2sprintf.o
         2          0          0          0          0          0   rtexit.o
        10          0          0          0          0          0   rtexit2.o
        62          0          0          0          0         76   strlen.o
        74          0          0          0          0         80   sys_stackheap_outer.o
         2          0          0          0          0         68   use_no_semi.o
         2          0          0          0          0         68   use_no_semi_2.o
        90          4          0          0          0        140   dfixu.o
        38          0          0          0          0        116   dflt_clz.o
       340         12          0          0          0        152   dmul.o
       156          4          0          0          0        140   dnaninf.o
        12          0          0          0          0        116   dretinf.o
        10          0          0          0          0        116   fpinit.o
         0          0          0          0          0          0   usenofp.o

    ----------------------------------------------------------------------
      1758         68          0          0         96       2372   Library Totals
        10          0          0          0          0          0   (incl. Padding)

    ----------------------------------------------------------------------

      Code (inc. data)   RO Data    RW Data    ZI Data      Debug   Library Name

      1102         48          0          0         96       1592   c_w.l
       646         20          0          0          0        780   fz_wm.l

    ----------------------------------------------------------------------
      1758         68          0          0         96       2372   Library Totals

    ----------------------------------------------------------------------

==============================================================================


      Code (inc. data)   RO Data    RW Data    ZI Data      Debug   

     26602        966      13058        784       1336     294133   Grand Totals
     26602        966      13058        576       1336     294133   ELF Image Totals (compressed)
     26602        966      13058        576          0          0   ROM Totals

==============================================================================

    Total RO  Size (Code + RO Data)                39660 (  38.73kB)
    Total RW  Size (RW Data + ZI Data)              2120 (   2.07kB)
    Total ROM Size (Code + RO Data + RW Data)      40236 (  39.29kB)

==============================================================================

